###############################################################################
#
# IAR ELF Linker V9.50.2.385/W64 for ARM                  10/Jan/2025  17:32:04
# Copyright 2007-2024 IAR Systems AB.
#
#    Output file  =
#        C:\Users\heuch\Desktop\ARM\STM32\Study\LTDC -
#        LVGL\EWARM\LTDC\Exe\LTDC.out
#    Map file     =
#        C:\Users\heuch\Desktop\ARM\STM32\Study\LTDC -
#        LVGL\EWARM\LTDC\List\LTDC.map
#    Command line =
#        -f "C:\Users\heuch\Desktop\ARM\STM32\Study\LTDC -
#        LVGL\EWARM\LTDC\Exe\LTDC.out.rsp"
#        ("C:\Users\heuch\Desktop\ARM\STM32\Study\LTDC -
#        LVGL\EWARM\LTDC\Obj\Core_13247989168731456611.dir\adc.o"
#        "C:\Users\heuch\Desktop\ARM\STM32\Study\LTDC -
#        LVGL\EWARM\LTDC\Obj\Core_13247989168731456611.dir\delay.o"
#        "C:\Users\heuch\Desktop\ARM\STM32\Study\LTDC -
#        LVGL\EWARM\LTDC\Obj\Core_13247989168731456611.dir\dma.o"
#        "C:\Users\heuch\Desktop\ARM\STM32\Study\LTDC -
#        LVGL\EWARM\LTDC\Obj\Core_13247989168731456611.dir\gpio.o"
#        "C:\Users\heuch\Desktop\ARM\STM32\Study\LTDC -
#        LVGL\EWARM\LTDC\Obj\Core_13247989168731456611.dir\key.o"
#        "C:\Users\heuch\Desktop\ARM\STM32\Study\LTDC -
#        LVGL\EWARM\LTDC\Obj\Core_13247989168731456611.dir\lcd.o"
#        "C:\Users\heuch\Desktop\ARM\STM32\Study\LTDC -
#        LVGL\EWARM\LTDC\Obj\Core_13247989168731456611.dir\led.o"
#        "C:\Users\heuch\Desktop\ARM\STM32\Study\LTDC -
#        LVGL\EWARM\LTDC\Obj\Core_13247989168731456611.dir\ltdc.o"
#        "C:\Users\heuch\Desktop\ARM\STM32\Study\LTDC -
#        LVGL\EWARM\LTDC\Obj\misc_2649020512424640869.dir\lv_anim.o"
#        "C:\Users\heuch\Desktop\ARM\STM32\Study\LTDC -
#        LVGL\EWARM\LTDC\Obj\misc_2649020512424640869.dir\lv_anim_timeline.o"
#        "C:\Users\heuch\Desktop\ARM\STM32\Study\LTDC -
#        LVGL\EWARM\LTDC\Obj\extra_16734186234889456325.dir\lv_animimg.o"
#        "C:\Users\heuch\Desktop\ARM\STM32\Study\LTDC -
#        LVGL\EWARM\LTDC\Obj\widgets_14443196474108422803.dir\lv_arc.o"
#        "C:\Users\heuch\Desktop\ARM\STM32\Study\LTDC -
#        LVGL\EWARM\LTDC\Obj\misc_2649020512424640869.dir\lv_area.o"
#        "C:\Users\heuch\Desktop\ARM\STM32\Study\LTDC -
#        LVGL\EWARM\LTDC\Obj\misc_2649020512424640869.dir\lv_async.o"
#        "C:\Users\heuch\Desktop\ARM\STM32\Study\LTDC -
#        LVGL\EWARM\LTDC\Obj\widgets_14443196474108422803.dir\lv_bar.o"
#        "C:\Users\heuch\Desktop\ARM\STM32\Study\LTDC -
#        LVGL\EWARM\LTDC\Obj\misc_2649020512424640869.dir\lv_bidi.o"
#        "C:\Users\heuch\Desktop\ARM\STM32\Study\LTDC -
#        LVGL\EWARM\LTDC\Obj\widgets_14443196474108422803.dir\lv_btn.o"
#        "C:\Users\heuch\Desktop\ARM\STM32\Study\LTDC -
#        LVGL\EWARM\LTDC\Obj\widgets_14443196474108422803.dir\lv_btnmatrix.o"
#        "C:\Users\heuch\Desktop\ARM\STM32\Study\LTDC -
#        LVGL\EWARM\LTDC\Obj\extra_16734186234889456325.dir\lv_calendar.o"
#        "C:\Users\heuch\Desktop\ARM\STM32\Study\LTDC -
#        LVGL\EWARM\LTDC\Obj\extra_16734186234889456325.dir\lv_calendar_header_arrow.o"
#        "C:\Users\heuch\Desktop\ARM\STM32\Study\LTDC -
#        LVGL\EWARM\LTDC\Obj\extra_16734186234889456325.dir\lv_calendar_header_dropdown.o"
#        "C:\Users\heuch\Desktop\ARM\STM32\Study\LTDC -
#        LVGL\EWARM\LTDC\Obj\widgets_14443196474108422803.dir\lv_canvas.o"
#        "C:\Users\heuch\Desktop\ARM\STM32\Study\LTDC -
#        LVGL\EWARM\LTDC\Obj\extra_16734186234889456325.dir\lv_chart.o"
#        "C:\Users\heuch\Desktop\ARM\STM32\Study\LTDC -
#        LVGL\EWARM\LTDC\Obj\widgets_14443196474108422803.dir\lv_checkbox.o"
#        "C:\Users\heuch\Desktop\ARM\STM32\Study\LTDC -
#        LVGL\EWARM\LTDC\Obj\misc_2649020512424640869.dir\lv_color.o"
#        "C:\Users\heuch\Desktop\ARM\STM32\Study\LTDC -
#        LVGL\EWARM\LTDC\Obj\extra_16734186234889456325.dir\lv_colorwheel.o"
#        "C:\Users\heuch\Desktop\ARM\STM32\Study\LTDC -
#        LVGL\EWARM\LTDC\Obj\core_12370908267808153421.dir\lv_disp.o"
#        "C:\Users\heuch\Desktop\ARM\STM32\Study\LTDC -
#        LVGL\EWARM\LTDC\Obj\draw_10542837691197429852.dir\lv_draw.o"
#        "C:\Users\heuch\Desktop\ARM\STM32\Study\LTDC -
#        LVGL\EWARM\LTDC\Obj\draw_10542837691197429852.dir\lv_draw_arc.o"
#        "C:\Users\heuch\Desktop\ARM\STM32\Study\LTDC -
#        LVGL\EWARM\LTDC\Obj\draw_10542837691197429852.dir\lv_draw_img.o"
#        "C:\Users\heuch\Desktop\ARM\STM32\Study\LTDC -
#        LVGL\EWARM\LTDC\Obj\draw_10542837691197429852.dir\lv_draw_label.o"
#        "C:\Users\heuch\Desktop\ARM\STM32\Study\LTDC -
#        LVGL\EWARM\LTDC\Obj\draw_10542837691197429852.dir\lv_draw_line.o"
#        "C:\Users\heuch\Desktop\ARM\STM32\Study\LTDC -
#        LVGL\EWARM\LTDC\Obj\draw_10542837691197429852.dir\lv_draw_mask.o"
#        "C:\Users\heuch\Desktop\ARM\STM32\Study\LTDC -
#        LVGL\EWARM\LTDC\Obj\draw_10542837691197429852.dir\lv_draw_rect.o"
#        "C:\Users\heuch\Desktop\ARM\STM32\Study\LTDC -
#        LVGL\EWARM\LTDC\Obj\gpu_2374637852588095281.dir\lv_draw_sdl.o"
#        "C:\Users\heuch\Desktop\ARM\STM32\Study\LTDC -
#        LVGL\EWARM\LTDC\Obj\gpu_2374637852588095281.dir\lv_draw_sdl_arc.o"
#        "C:\Users\heuch\Desktop\ARM\STM32\Study\LTDC -
#        LVGL\EWARM\LTDC\Obj\gpu_2374637852588095281.dir\lv_draw_sdl_bg.o"
#        "C:\Users\heuch\Desktop\ARM\STM32\Study\LTDC -
#        LVGL\EWARM\LTDC\Obj\gpu_2374637852588095281.dir\lv_draw_sdl_composite.o"
#        "C:\Users\heuch\Desktop\ARM\STM32\Study\LTDC -
#        LVGL\EWARM\LTDC\Obj\gpu_2374637852588095281.dir\lv_draw_sdl_img.o"
#        "C:\Users\heuch\Desktop\ARM\STM32\Study\LTDC -
#        LVGL\EWARM\LTDC\Obj\gpu_2374637852588095281.dir\lv_draw_sdl_label.o"
#        "C:\Users\heuch\Desktop\ARM\STM32\Study\LTDC -
#        LVGL\EWARM\LTDC\Obj\gpu_2374637852588095281.dir\lv_draw_sdl_line.o"
#        "C:\Users\heuch\Desktop\ARM\STM32\Study\LTDC -
#        LVGL\EWARM\LTDC\Obj\gpu_2374637852588095281.dir\lv_draw_sdl_mask.o"
#        "C:\Users\heuch\Desktop\ARM\STM32\Study\LTDC -
#        LVGL\EWARM\LTDC\Obj\gpu_2374637852588095281.dir\lv_draw_sdl_polygon.o"
#        "C:\Users\heuch\Desktop\ARM\STM32\Study\LTDC -
#        LVGL\EWARM\LTDC\Obj\gpu_2374637852588095281.dir\lv_draw_sdl_rect.o"
#        "C:\Users\heuch\Desktop\ARM\STM32\Study\LTDC -
#        LVGL\EWARM\LTDC\Obj\gpu_2374637852588095281.dir\lv_draw_sdl_stack_blur.o"
#        "C:\Users\heuch\Desktop\ARM\STM32\Study\LTDC -
#        LVGL\EWARM\LTDC\Obj\gpu_2374637852588095281.dir\lv_draw_sdl_texture_cache.o"
#        "C:\Users\heuch\Desktop\ARM\STM32\Study\LTDC -
#        LVGL\EWARM\LTDC\Obj\gpu_2374637852588095281.dir\lv_draw_sdl_utils.o"
#        "C:\Users\heuch\Desktop\ARM\STM32\Study\LTDC -
#        LVGL\EWARM\LTDC\Obj\draw_10542837691197429852.dir\lv_draw_sw.o"
#        "C:\Users\heuch\Desktop\ARM\STM32\Study\LTDC -
#        LVGL\EWARM\LTDC\Obj\draw_10542837691197429852.dir\lv_draw_sw_arc.o"
#        "C:\Users\heuch\Desktop\ARM\STM32\Study\LTDC -
#        LVGL\EWARM\LTDC\Obj\draw_10542837691197429852.dir\lv_draw_sw_blend.o"
#        "C:\Users\heuch\Desktop\ARM\STM32\Study\LTDC -
#        LVGL\EWARM\LTDC\Obj\draw_10542837691197429852.dir\lv_draw_sw_dither.o"
#        "C:\Users\heuch\Desktop\ARM\STM32\Study\LTDC -
#        LVGL\EWARM\LTDC\Obj\draw_10542837691197429852.dir\lv_draw_sw_gradient.o"
#        "C:\Users\heuch\Desktop\ARM\STM32\Study\LTDC -
#        LVGL\EWARM\LTDC\Obj\draw_10542837691197429852.dir\lv_draw_sw_img.o"
#        "C:\Users\heuch\Desktop\ARM\STM32\Study\LTDC -
#        LVGL\EWARM\LTDC\Obj\draw_10542837691197429852.dir\lv_draw_sw_letter.o"
#        "C:\Users\heuch\Desktop\ARM\STM32\Study\LTDC -
#        LVGL\EWARM\LTDC\Obj\draw_10542837691197429852.dir\lv_draw_sw_line.o"
#        "C:\Users\heuch\Desktop\ARM\STM32\Study\LTDC -
#        LVGL\EWARM\LTDC\Obj\draw_10542837691197429852.dir\lv_draw_sw_polygon.o"
#        "C:\Users\heuch\Desktop\ARM\STM32\Study\LTDC -
#        LVGL\EWARM\LTDC\Obj\draw_10542837691197429852.dir\lv_draw_sw_rect.o"
#        "C:\Users\heuch\Desktop\ARM\STM32\Study\LTDC -
#        LVGL\EWARM\LTDC\Obj\draw_10542837691197429852.dir\lv_draw_triangle.o"
#        "C:\Users\heuch\Desktop\ARM\STM32\Study\LTDC -
#        LVGL\EWARM\LTDC\Obj\widgets_14443196474108422803.dir\lv_dropdown.o"
#        "C:\Users\heuch\Desktop\ARM\STM32\Study\LTDC -
#        LVGL\EWARM\LTDC\Obj\core_12370908267808153421.dir\lv_event.o"
#        "C:\Users\heuch\Desktop\ARM\STM32\Study\LTDC -
#        LVGL\EWARM\LTDC\Obj\extra_16734186234889456325.dir\lv_extra.o"
#        "C:\Users\heuch\Desktop\ARM\STM32\Study\LTDC -
#        LVGL\EWARM\LTDC\Obj\extra_16734186234889456325.dir\lv_flex.o"
#        "C:\Users\heuch\Desktop\ARM\STM32\Study\LTDC -
#        LVGL\EWARM\LTDC\Obj\font_15165346281545810489.dir\lv_font.o"
#        "C:\Users\heuch\Desktop\ARM\STM32\Study\LTDC -
#        LVGL\EWARM\LTDC\Obj\font_15165346281545810489.dir\lv_font_dejavu_16_persian_hebrew.o"
#        "C:\Users\heuch\Desktop\ARM\STM32\Study\LTDC -
#        LVGL\EWARM\LTDC\Obj\font_15165346281545810489.dir\lv_font_fmt_txt.o"
#        "C:\Users\heuch\Desktop\ARM\STM32\Study\LTDC -
#        LVGL\EWARM\LTDC\Obj\font_15165346281545810489.dir\lv_font_loader.o"
#        "C:\Users\heuch\Desktop\ARM\STM32\Study\LTDC -
#        LVGL\EWARM\LTDC\Obj\font_15165346281545810489.dir\lv_font_montserrat_10.o"
#        "C:\Users\heuch\Desktop\ARM\STM32\Study\LTDC -
#        LVGL\EWARM\LTDC\Obj\font_15165346281545810489.dir\lv_font_montserrat_12.o"
#        "C:\Users\heuch\Desktop\ARM\STM32\Study\LTDC -
#        LVGL\EWARM\LTDC\Obj\font_15165346281545810489.dir\lv_font_montserrat_12_subpx.o"
#        "C:\Users\heuch\Desktop\ARM\STM32\Study\LTDC -
#        LVGL\EWARM\LTDC\Obj\font_15165346281545810489.dir\lv_font_montserrat_14.o"
#        "C:\Users\heuch\Desktop\ARM\STM32\Study\LTDC -
#        LVGL\EWARM\LTDC\Obj\font_15165346281545810489.dir\lv_font_montserrat_16.o"
#        "C:\Users\heuch\Desktop\ARM\STM32\Study\LTDC -
#        LVGL\EWARM\LTDC\Obj\font_15165346281545810489.dir\lv_font_montserrat_18.o"
#        "C:\Users\heuch\Desktop\ARM\STM32\Study\LTDC -
#        LVGL\EWARM\LTDC\Obj\font_15165346281545810489.dir\lv_font_montserrat_20.o"
#        "C:\Users\heuch\Desktop\ARM\STM32\Study\LTDC -
#        LVGL\EWARM\LTDC\Obj\font_15165346281545810489.dir\lv_font_montserrat_22.o"
#        "C:\Users\heuch\Desktop\ARM\STM32\Study\LTDC -
#        LVGL\EWARM\LTDC\Obj\font_15165346281545810489.dir\lv_font_montserrat_24.o"
#        "C:\Users\heuch\Desktop\ARM\STM32\Study\LTDC -
#        LVGL\EWARM\LTDC\Obj\font_15165346281545810489.dir\lv_font_montserrat_26.o"
#        "C:\Users\heuch\Desktop\ARM\STM32\Study\LTDC -
#        LVGL\EWARM\LTDC\Obj\font_15165346281545810489.dir\lv_font_montserrat_28.o"
#        "C:\Users\heuch\Desktop\ARM\STM32\Study\LTDC -
#        LVGL\EWARM\LTDC\Obj\font_15165346281545810489.dir\lv_font_montserrat_28_compressed.o"
#        "C:\Users\heuch\Desktop\ARM\STM32\Study\LTDC -
#        LVGL\EWARM\LTDC\Obj\font_15165346281545810489.dir\lv_font_montserrat_30.o"
#        "C:\Users\heuch\Desktop\ARM\STM32\Study\LTDC -
#        LVGL\EWARM\LTDC\Obj\font_15165346281545810489.dir\lv_font_montserrat_32.o"
#        "C:\Users\heuch\Desktop\ARM\STM32\Study\LTDC -
#        LVGL\EWARM\LTDC\Obj\font_15165346281545810489.dir\lv_font_montserrat_34.o"
#        "C:\Users\heuch\Desktop\ARM\STM32\Study\LTDC -
#        LVGL\EWARM\LTDC\Obj\font_15165346281545810489.dir\lv_font_montserrat_36.o"
#        "C:\Users\heuch\Desktop\ARM\STM32\Study\LTDC -
#        LVGL\EWARM\LTDC\Obj\font_15165346281545810489.dir\lv_font_montserrat_38.o"
#        "C:\Users\heuch\Desktop\ARM\STM32\Study\LTDC -
#        LVGL\EWARM\LTDC\Obj\font_15165346281545810489.dir\lv_font_montserrat_40.o"
#        "C:\Users\heuch\Desktop\ARM\STM32\Study\LTDC -
#        LVGL\EWARM\LTDC\Obj\font_15165346281545810489.dir\lv_font_montserrat_42.o"
#        "C:\Users\heuch\Desktop\ARM\STM32\Study\LTDC -
#        LVGL\EWARM\LTDC\Obj\font_15165346281545810489.dir\lv_font_montserrat_44.o"
#        "C:\Users\heuch\Desktop\ARM\STM32\Study\LTDC -
#        LVGL\EWARM\LTDC\Obj\font_15165346281545810489.dir\lv_font_montserrat_46.o"
#        "C:\Users\heuch\Desktop\ARM\STM32\Study\LTDC -
#        LVGL\EWARM\LTDC\Obj\font_15165346281545810489.dir\lv_font_montserrat_48.o"
#        "C:\Users\heuch\Desktop\ARM\STM32\Study\LTDC -
#        LVGL\EWARM\LTDC\Obj\font_15165346281545810489.dir\lv_font_montserrat_8.o"
#        "C:\Users\heuch\Desktop\ARM\STM32\Study\LTDC -
#        LVGL\EWARM\LTDC\Obj\font_15165346281545810489.dir\lv_font_simsun_16_cjk.o"
#        "C:\Users\heuch\Desktop\ARM\STM32\Study\LTDC -
#        LVGL\EWARM\LTDC\Obj\font_15165346281545810489.dir\lv_font_unscii_16.o"
#        "C:\Users\heuch\Desktop\ARM\STM32\Study\LTDC -
#        LVGL\EWARM\LTDC\Obj\font_15165346281545810489.dir\lv_font_unscii_8.o"
#        "C:\Users\heuch\Desktop\ARM\STM32\Study\LTDC -
#        LVGL\EWARM\LTDC\Obj\misc_2649020512424640869.dir\lv_fs.o"
#        "C:\Users\heuch\Desktop\ARM\STM32\Study\LTDC -
#        LVGL\EWARM\LTDC\Obj\misc_2649020512424640869.dir\lv_gc.o"
#        "C:\Users\heuch\Desktop\ARM\STM32\Study\LTDC -
#        LVGL\EWARM\LTDC\Obj\gpu_2374637852588095281.dir\lv_gpu_stm32_dma2d.o"
#        "C:\Users\heuch\Desktop\ARM\STM32\Study\LTDC -
#        LVGL\EWARM\LTDC\Obj\extra_16734186234889456325.dir\lv_grid.o"
#        "C:\Users\heuch\Desktop\ARM\STM32\Study\LTDC -
#        LVGL\EWARM\LTDC\Obj\extra_16734186234889456325.dir\lv_gridnav.o"
#        "C:\Users\heuch\Desktop\ARM\STM32\Study\LTDC -
#        LVGL\EWARM\LTDC\Obj\core_12370908267808153421.dir\lv_group.o"
#        "C:\Users\heuch\Desktop\ARM\STM32\Study\LTDC -
#        LVGL\EWARM\LTDC\Obj\hal_7470399288984429285.dir\lv_hal_disp.o"
#        "C:\Users\heuch\Desktop\ARM\STM32\Study\LTDC -
#        LVGL\EWARM\LTDC\Obj\hal_7470399288984429285.dir\lv_hal_indev.o"
#        "C:\Users\heuch\Desktop\ARM\STM32\Study\LTDC -
#        LVGL\EWARM\LTDC\Obj\hal_7470399288984429285.dir\lv_hal_tick.o"
#        "C:\Users\heuch\Desktop\ARM\STM32\Study\LTDC -
#        LVGL\EWARM\LTDC\Obj\widgets_14443196474108422803.dir\lv_img.o"
#        "C:\Users\heuch\Desktop\ARM\STM32\Study\LTDC -
#        LVGL\EWARM\LTDC\Obj\draw_10542837691197429852.dir\lv_img_buf.o"
#        "C:\Users\heuch\Desktop\ARM\STM32\Study\LTDC -
#        LVGL\EWARM\LTDC\Obj\draw_10542837691197429852.dir\lv_img_cache.o"
#        "C:\Users\heuch\Desktop\ARM\STM32\Study\LTDC -
#        LVGL\EWARM\LTDC\Obj\draw_10542837691197429852.dir\lv_img_decoder.o"
#        "C:\Users\heuch\Desktop\ARM\STM32\Study\LTDC -
#        LVGL\EWARM\LTDC\Obj\extra_16734186234889456325.dir\lv_imgbtn.o"
#        "C:\Users\heuch\Desktop\ARM\STM32\Study\LTDC -
#        LVGL\EWARM\LTDC\Obj\core_12370908267808153421.dir\lv_indev.o"
#        "C:\Users\heuch\Desktop\ARM\STM32\Study\LTDC -
#        LVGL\EWARM\LTDC\Obj\core_12370908267808153421.dir\lv_indev_scroll.o"
#        "C:\Users\heuch\Desktop\ARM\STM32\Study\LTDC -
#        LVGL\EWARM\LTDC\Obj\extra_16734186234889456325.dir\lv_keyboard.o"
#        "C:\Users\heuch\Desktop\ARM\STM32\Study\LTDC -
#        LVGL\EWARM\LTDC\Obj\widgets_14443196474108422803.dir\lv_label.o"
#        "C:\Users\heuch\Desktop\ARM\STM32\Study\LTDC -
#        LVGL\EWARM\LTDC\Obj\extra_16734186234889456325.dir\lv_led.o"
#        "C:\Users\heuch\Desktop\ARM\STM32\Study\LTDC -
#        LVGL\EWARM\LTDC\Obj\widgets_14443196474108422803.dir\lv_line.o"
#        "C:\Users\heuch\Desktop\ARM\STM32\Study\LTDC -
#        LVGL\EWARM\LTDC\Obj\extra_16734186234889456325.dir\lv_list.o"
#        "C:\Users\heuch\Desktop\ARM\STM32\Study\LTDC -
#        LVGL\EWARM\LTDC\Obj\misc_2649020512424640869.dir\lv_ll.o"
#        "C:\Users\heuch\Desktop\ARM\STM32\Study\LTDC -
#        LVGL\EWARM\LTDC\Obj\misc_2649020512424640869.dir\lv_log.o"
#        "C:\Users\heuch\Desktop\ARM\STM32\Study\LTDC -
#        LVGL\EWARM\LTDC\Obj\misc_2649020512424640869.dir\lv_lru.o"
#        "C:\Users\heuch\Desktop\ARM\STM32\Study\LTDC -
#        LVGL\EWARM\LTDC\Obj\misc_2649020512424640869.dir\lv_math.o"
#        "C:\Users\heuch\Desktop\ARM\STM32\Study\LTDC -
#        LVGL\EWARM\LTDC\Obj\misc_2649020512424640869.dir\lv_mem.o"
#        "C:\Users\heuch\Desktop\ARM\STM32\Study\LTDC -
#        LVGL\EWARM\LTDC\Obj\extra_16734186234889456325.dir\lv_menu.o"
#        "C:\Users\heuch\Desktop\ARM\STM32\Study\LTDC -
#        LVGL\EWARM\LTDC\Obj\extra_16734186234889456325.dir\lv_meter.o"
#        "C:\Users\heuch\Desktop\ARM\STM32\Study\LTDC -
#        LVGL\EWARM\LTDC\Obj\extra_16734186234889456325.dir\lv_monkey.o"
#        "C:\Users\heuch\Desktop\ARM\STM32\Study\LTDC -
#        LVGL\EWARM\LTDC\Obj\extra_16734186234889456325.dir\lv_msgbox.o"
#        "C:\Users\heuch\Desktop\ARM\STM32\Study\LTDC -
#        LVGL\EWARM\LTDC\Obj\core_12370908267808153421.dir\lv_obj.o"
#        "C:\Users\heuch\Desktop\ARM\STM32\Study\LTDC -
#        LVGL\EWARM\LTDC\Obj\core_12370908267808153421.dir\lv_obj_class.o"
#        "C:\Users\heuch\Desktop\ARM\STM32\Study\LTDC -
#        LVGL\EWARM\LTDC\Obj\core_12370908267808153421.dir\lv_obj_draw.o"
#        "C:\Users\heuch\Desktop\ARM\STM32\Study\LTDC -
#        LVGL\EWARM\LTDC\Obj\core_12370908267808153421.dir\lv_obj_pos.o"
#        "C:\Users\heuch\Desktop\ARM\STM32\Study\LTDC -
#        LVGL\EWARM\LTDC\Obj\core_12370908267808153421.dir\lv_obj_scroll.o"
#        "C:\Users\heuch\Desktop\ARM\STM32\Study\LTDC -
#        LVGL\EWARM\LTDC\Obj\core_12370908267808153421.dir\lv_obj_style.o"
#        "C:\Users\heuch\Desktop\ARM\STM32\Study\LTDC -
#        LVGL\EWARM\LTDC\Obj\core_12370908267808153421.dir\lv_obj_style_gen.o"
#        "C:\Users\heuch\Desktop\ARM\STM32\Study\LTDC -
#        LVGL\EWARM\LTDC\Obj\core_12370908267808153421.dir\lv_obj_tree.o"
#        "C:\Users\heuch\Desktop\ARM\STM32\Study\LTDC -
#        LVGL\EWARM\LTDC\Obj\widgets_14443196474108422803.dir\lv_objx_templ.o"
#        "C:\Users\heuch\Desktop\ARM\STM32\Study\LTDC -
#        LVGL\EWARM\LTDC\Obj\porting_10553306724186100541.dir\lv_port_disp_template.o"
#        "C:\Users\heuch\Desktop\ARM\STM32\Study\LTDC -
#        LVGL\EWARM\LTDC\Obj\misc_2649020512424640869.dir\lv_printf.o"
#        "C:\Users\heuch\Desktop\ARM\STM32\Study\LTDC -
#        LVGL\EWARM\LTDC\Obj\core_12370908267808153421.dir\lv_refr.o"
#        "C:\Users\heuch\Desktop\ARM\STM32\Study\LTDC -
#        LVGL\EWARM\LTDC\Obj\widgets_14443196474108422803.dir\lv_roller.o"
#        "C:\Users\heuch\Desktop\ARM\STM32\Study\LTDC -
#        LVGL\EWARM\LTDC\Obj\widgets_14443196474108422803.dir\lv_slider.o"
#        "C:\Users\heuch\Desktop\ARM\STM32\Study\LTDC -
#        LVGL\EWARM\LTDC\Obj\extra_16734186234889456325.dir\lv_snapshot.o"
#        "C:\Users\heuch\Desktop\ARM\STM32\Study\LTDC -
#        LVGL\EWARM\LTDC\Obj\extra_16734186234889456325.dir\lv_span.o"
#        "C:\Users\heuch\Desktop\ARM\STM32\Study\LTDC -
#        LVGL\EWARM\LTDC\Obj\extra_16734186234889456325.dir\lv_spinbox.o"
#        "C:\Users\heuch\Desktop\ARM\STM32\Study\LTDC -
#        LVGL\EWARM\LTDC\Obj\extra_16734186234889456325.dir\lv_spinner.o"
#        "C:\Users\heuch\Desktop\ARM\STM32\Study\LTDC -
#        LVGL\EWARM\LTDC\Obj\misc_2649020512424640869.dir\lv_style.o"
#        "C:\Users\heuch\Desktop\ARM\STM32\Study\LTDC -
#        LVGL\EWARM\LTDC\Obj\misc_2649020512424640869.dir\lv_style_gen.o"
#        "C:\Users\heuch\Desktop\ARM\STM32\Study\LTDC -
#        LVGL\EWARM\LTDC\Obj\widgets_14443196474108422803.dir\lv_switch.o"
#        "C:\Users\heuch\Desktop\ARM\STM32\Study\LTDC -
#        LVGL\EWARM\LTDC\Obj\widgets_14443196474108422803.dir\lv_table.o"
#        "C:\Users\heuch\Desktop\ARM\STM32\Study\LTDC -
#        LVGL\EWARM\LTDC\Obj\extra_16734186234889456325.dir\lv_tabview.o"
#        "C:\Users\heuch\Desktop\ARM\STM32\Study\LTDC -
#        LVGL\EWARM\LTDC\Obj\misc_2649020512424640869.dir\lv_templ.o"
#        "C:\Users\heuch\Desktop\ARM\STM32\Study\LTDC -
#        LVGL\EWARM\LTDC\Obj\widgets_14443196474108422803.dir\lv_textarea.o"
#        "C:\Users\heuch\Desktop\ARM\STM32\Study\LTDC -
#        LVGL\EWARM\LTDC\Obj\core_12370908267808153421.dir\lv_theme.o"
#        "C:\Users\heuch\Desktop\ARM\STM32\Study\LTDC -
#        LVGL\EWARM\LTDC\Obj\extra_16734186234889456325.dir\lv_theme_basic.o"
#        "C:\Users\heuch\Desktop\ARM\STM32\Study\LTDC -
#        LVGL\EWARM\LTDC\Obj\extra_16734186234889456325.dir\lv_theme_default.o"
#        "C:\Users\heuch\Desktop\ARM\STM32\Study\LTDC -
#        LVGL\EWARM\LTDC\Obj\extra_16734186234889456325.dir\lv_theme_mono.o"
#        "C:\Users\heuch\Desktop\ARM\STM32\Study\LTDC -
#        LVGL\EWARM\LTDC\Obj\extra_16734186234889456325.dir\lv_tileview.o"
#        "C:\Users\heuch\Desktop\ARM\STM32\Study\LTDC -
#        LVGL\EWARM\LTDC\Obj\misc_2649020512424640869.dir\lv_timer.o"
#        "C:\Users\heuch\Desktop\ARM\STM32\Study\LTDC -
#        LVGL\EWARM\LTDC\Obj\misc_2649020512424640869.dir\lv_tlsf.o"
#        "C:\Users\heuch\Desktop\ARM\STM32\Study\LTDC -
#        LVGL\EWARM\LTDC\Obj\misc_2649020512424640869.dir\lv_txt.o"
#        "C:\Users\heuch\Desktop\ARM\STM32\Study\LTDC -
#        LVGL\EWARM\LTDC\Obj\misc_2649020512424640869.dir\lv_txt_ap.o"
#        "C:\Users\heuch\Desktop\ARM\STM32\Study\LTDC -
#        LVGL\EWARM\LTDC\Obj\misc_2649020512424640869.dir\lv_utils.o"
#        "C:\Users\heuch\Desktop\ARM\STM32\Study\LTDC -
#        LVGL\EWARM\LTDC\Obj\extra_16734186234889456325.dir\lv_win.o"
#        "C:\Users\heuch\Desktop\ARM\STM32\Study\LTDC -
#        LVGL\EWARM\LTDC\Obj\Core_13247989168731456611.dir\main.o"
#        "C:\Users\heuch\Desktop\ARM\STM32\Study\LTDC -
#        LVGL\EWARM\LTDC\Obj\Core_13247989168731456611.dir\sdram.o"
#        "C:\Users\heuch\Desktop\ARM\STM32\Study\LTDC -
#        LVGL\EWARM\LTDC\Obj\EWARM_18443280873093131863.dir\startup_stm32f429xx.o"
#        "C:\Users\heuch\Desktop\ARM\STM32\Study\LTDC -
#        LVGL\EWARM\LTDC\Obj\STM32F4xx_HAL_Driver_1244631019742807970.dir\stm32f4xx_hal.o"
#        "C:\Users\heuch\Desktop\ARM\STM32\Study\LTDC -
#        LVGL\EWARM\LTDC\Obj\STM32F4xx_HAL_Driver_1244631019742807970.dir\stm32f4xx_hal_adc.o"
#        "C:\Users\heuch\Desktop\ARM\STM32\Study\LTDC -
#        LVGL\EWARM\LTDC\Obj\STM32F4xx_HAL_Driver_1244631019742807970.dir\stm32f4xx_hal_adc_ex.o"
#        "C:\Users\heuch\Desktop\ARM\STM32\Study\LTDC -
#        LVGL\EWARM\LTDC\Obj\STM32F4xx_HAL_Driver_1244631019742807970.dir\stm32f4xx_hal_cortex.o"
#        "C:\Users\heuch\Desktop\ARM\STM32\Study\LTDC -
#        LVGL\EWARM\LTDC\Obj\STM32F4xx_HAL_Driver_1244631019742807970.dir\stm32f4xx_hal_dma.o"
#        "C:\Users\heuch\Desktop\ARM\STM32\Study\LTDC -
#        LVGL\EWARM\LTDC\Obj\STM32F4xx_HAL_Driver_1244631019742807970.dir\stm32f4xx_hal_dma2d.o"
#        "C:\Users\heuch\Desktop\ARM\STM32\Study\LTDC -
#        LVGL\EWARM\LTDC\Obj\STM32F4xx_HAL_Driver_1244631019742807970.dir\stm32f4xx_hal_dma_ex.o"
#        "C:\Users\heuch\Desktop\ARM\STM32\Study\LTDC -
#        LVGL\EWARM\LTDC\Obj\STM32F4xx_HAL_Driver_1244631019742807970.dir\stm32f4xx_hal_exti.o"
#        "C:\Users\heuch\Desktop\ARM\STM32\Study\LTDC -
#        LVGL\EWARM\LTDC\Obj\STM32F4xx_HAL_Driver_1244631019742807970.dir\stm32f4xx_hal_flash.o"
#        "C:\Users\heuch\Desktop\ARM\STM32\Study\LTDC -
#        LVGL\EWARM\LTDC\Obj\STM32F4xx_HAL_Driver_1244631019742807970.dir\stm32f4xx_hal_flash_ex.o"
#        "C:\Users\heuch\Desktop\ARM\STM32\Study\LTDC -
#        LVGL\EWARM\LTDC\Obj\STM32F4xx_HAL_Driver_1244631019742807970.dir\stm32f4xx_hal_flash_ramfunc.o"
#        "C:\Users\heuch\Desktop\ARM\STM32\Study\LTDC -
#        LVGL\EWARM\LTDC\Obj\STM32F4xx_HAL_Driver_1244631019742807970.dir\stm32f4xx_hal_gpio.o"
#        "C:\Users\heuch\Desktop\ARM\STM32\Study\LTDC -
#        LVGL\EWARM\LTDC\Obj\STM32F4xx_HAL_Driver_1244631019742807970.dir\stm32f4xx_hal_ltdc.o"
#        "C:\Users\heuch\Desktop\ARM\STM32\Study\LTDC -
#        LVGL\EWARM\LTDC\Obj\STM32F4xx_HAL_Driver_1244631019742807970.dir\stm32f4xx_hal_ltdc_ex.o"
#        "C:\Users\heuch\Desktop\ARM\STM32\Study\LTDC -
#        LVGL\EWARM\LTDC\Obj\Core_13247989168731456611.dir\stm32f4xx_hal_msp.o"
#        "C:\Users\heuch\Desktop\ARM\STM32\Study\LTDC -
#        LVGL\EWARM\LTDC\Obj\STM32F4xx_HAL_Driver_1244631019742807970.dir\stm32f4xx_hal_pwr.o"
#        "C:\Users\heuch\Desktop\ARM\STM32\Study\LTDC -
#        LVGL\EWARM\LTDC\Obj\STM32F4xx_HAL_Driver_1244631019742807970.dir\stm32f4xx_hal_pwr_ex.o"
#        "C:\Users\heuch\Desktop\ARM\STM32\Study\LTDC -
#        LVGL\EWARM\LTDC\Obj\STM32F4xx_HAL_Driver_1244631019742807970.dir\stm32f4xx_hal_rcc.o"
#        "C:\Users\heuch\Desktop\ARM\STM32\Study\LTDC -
#        LVGL\EWARM\LTDC\Obj\STM32F4xx_HAL_Driver_1244631019742807970.dir\stm32f4xx_hal_rcc_ex.o"
#        "C:\Users\heuch\Desktop\ARM\STM32\Study\LTDC -
#        LVGL\EWARM\LTDC\Obj\STM32F4xx_HAL_Driver_1244631019742807970.dir\stm32f4xx_hal_sdram.o"
#        "C:\Users\heuch\Desktop\ARM\STM32\Study\LTDC -
#        LVGL\EWARM\LTDC\Obj\STM32F4xx_HAL_Driver_1244631019742807970.dir\stm32f4xx_hal_sram.o"
#        "C:\Users\heuch\Desktop\ARM\STM32\Study\LTDC -
#        LVGL\EWARM\LTDC\Obj\STM32F4xx_HAL_Driver_1244631019742807970.dir\stm32f4xx_hal_tim.o"
#        "C:\Users\heuch\Desktop\ARM\STM32\Study\LTDC -
#        LVGL\EWARM\LTDC\Obj\STM32F4xx_HAL_Driver_1244631019742807970.dir\stm32f4xx_hal_tim_ex.o"
#        "C:\Users\heuch\Desktop\ARM\STM32\Study\LTDC -
#        LVGL\EWARM\LTDC\Obj\STM32F4xx_HAL_Driver_1244631019742807970.dir\stm32f4xx_hal_uart.o"
#        "C:\Users\heuch\Desktop\ARM\STM32\Study\LTDC -
#        LVGL\EWARM\LTDC\Obj\Core_13247989168731456611.dir\stm32f4xx_it.o"
#        "C:\Users\heuch\Desktop\ARM\STM32\Study\LTDC -
#        LVGL\EWARM\LTDC\Obj\STM32F4xx_HAL_Driver_1244631019742807970.dir\stm32f4xx_ll_adc.o"
#        "C:\Users\heuch\Desktop\ARM\STM32\Study\LTDC -
#        LVGL\EWARM\LTDC\Obj\STM32F4xx_HAL_Driver_1244631019742807970.dir\stm32f4xx_ll_fmc.o"
#        "C:\Users\heuch\Desktop\ARM\STM32\Study\LTDC -
#        LVGL\EWARM\LTDC\Obj\Core_13247989168731456611.dir\sys.o"
#        "C:\Users\heuch\Desktop\ARM\STM32\Study\LTDC -
#        LVGL\EWARM\LTDC\Obj\CMSIS_6603591812247902717.dir\system_stm32f4xx.o"
#        "C:\Users\heuch\Desktop\ARM\STM32\Study\LTDC -
#        LVGL\EWARM\LTDC\Obj\Core_13247989168731456611.dir\tim.o"
#        "C:\Users\heuch\Desktop\ARM\STM32\Study\LTDC -
#        LVGL\EWARM\LTDC\Obj\Core_13247989168731456611.dir\usart.o"
#        --no_out_extension -o "C:\Users\heuch\Desktop\ARM\STM32\Study\LTDC -
#        LVGL\EWARM\LTDC\Exe\LTDC.out" --redirect _Printf=_PrintfFullNoMb
#        --redirect _Scanf=_ScanfFullNoMb --map
#        "C:\Users\heuch\Desktop\ARM\STM32\Study\LTDC -
#        LVGL\EWARM\LTDC\List\LTDC.map" --config "D:\IAR Systems\Embedded
#        Workbench 9.2\arm/config/linker/ST/stm32f429xG.icf" --semihosting
#        --entry __iar_program_start --vfe --text_out locale --cpu=Cortex-M4
#        --fpu=VFPv4_sp) --dependencies=n
#        "C:\Users\heuch\Desktop\ARM\STM32\Study\LTDC -
#        LVGL\EWARM\LTDC\Exe\LTDC.out.iar_deps"
#
###############################################################################

*******************************************************************************
*** RUNTIME MODEL ATTRIBUTES
***

CppFlavor       = *
__CPP_Runtime   = 1
__SystemLibrary = DLib
__dlib_version  = 6


*******************************************************************************
*** HEAP SELECTION
***

The basic heap was selected because --advanced_heap
was not specified and the application did not appear to
be primarily optimized for speed.


*******************************************************************************
*** PLACEMENT SUMMARY
***

"A0":  place at address 0x800'0000 { ro section .intvec };
"P1":  place in [from 0x800'0000 to 0x80f'ffff] { ro };
define block CSTACK with size = 8K, alignment = 8 { };
define block HEAP with size = 8K, alignment = 8 { };
"P4":  place in [from 0x2000'0000 to 0x2001'bfff] |
                [from 0x2001'c000 to 0x2001'ffff] |
                [from 0x2002'0000 to 0x2002'ffff] {
          rw, block CSTACK, block HEAP };
initialize by copy { rw };

No sections matched the following patterns:

  ro section application_specific_ro  in "P2|P6"
  rw section application_specific_rw  in "P2|P6"
  section .backup_sram                in "P5"
  section .ccram                      in "P3"


  Section            Kind         Address  Aligment       Size  Object
  -------            ----         -------  --------       ----  ------
"A0":                                                    0x1ac
  .intvec            ro code   0x800'0000         4      0x1ac  startup_stm32f429xx.o [3]
                             - 0x800'01ac                0x1ac

"P1":                                                 0x3'750a
  .rodata            const     0x800'01ac         4     0xa088  lv_font_montserrat_32.o [8]
  .text              ro code   0x800'a234         4     0x33e4  lcd.o [2]
  .text              ro code   0x800'd618         4       0x46  delay.o [2]
  .text              ro code   0x800'd65e         2        0xa  xsprout.o [14]
  .text              ro code   0x800'd668         4       0x1c  U32ToDbl.o [15]
  .text              ro code   0x800'd684         4      0x1aa  DblMul.o [15]
  .rodata            const     0x800'd82e         2        0x2  lv_btnmatrix.o [13]
  .text              ro code   0x800'd830         4       0x36  DblToS32.o [15]
  .rodata            const     0x800'd866         2        0x2  lv_keyboard.o [7]
  .text              ro code   0x800'd868         4      0x612  ltdc.o [2]
  .rodata            const     0x800'de7a         2        0x2  lv_keyboard.o [7]
  .text              ro code   0x800'de7c         4      0x224  stm32f4xx_hal_gpio.o [4]
  .text              ro code   0x800'e0a0         4       0x58  stm32f4xx_hal_sram.o [4]
  .text              ro code   0x800'e0f8         4      0x262  stm32f4xx_ll_fmc.o [4]
  .rodata            const     0x800'e35a         2        0x2  lv_keyboard.o [7]
  .text              ro code   0x800'e35c         4      0x228  stm32f4xx_hal_rcc_ex.o [4]
  .text              ro code   0x800'e584         4      0x2d8  stm32f4xx_hal_ltdc.o [4]
  .text              ro code   0x800'e85c         4        0xc  stm32f4xx_hal.o [4]
  .text              ro code   0x800'e868         4       0x18  ABImemcpy_small.o [16]
  .rodata            const     0x800'e880         4     0x2280  lv_font_montserrat_14.o [8]
  .text              ro code   0x801'0b00         4     0x1fe4  lv_theme_default.o [7]
  .text              ro code   0x801'2ae4         2      0x1be  lv_style_gen.o [11]
  .rodata            const     0x801'2ca2         2        0x2  lv_keyboard.o [7]
  .text              ro code   0x801'2ca4         4      0x250  lv_hal_disp.o [10]
  .text              ro code   0x801'2ef4         4      0x234  lv_color.o [11]
  .text              ro code   0x801'3128         4      0x432  lv_mem.o [11]
  .rodata            const     0x801'355a         2        0x2  lv_keyboard.o [7]
  .text              ro code   0x801'355c         4      0x34e  lv_style.o [11]
  .rodata            const     0x801'38aa         2        0x2  lv_keyboard.o [7]
  .text              ro code   0x801'38ac         4       0x44  lv_disp.o [5]
  .text              ro code   0x801'38f0         4      0xcd4  lv_obj_style.o [5]
  .text              ro code   0x801'45c4         4      0x362  lv_obj_tree.o [5]
  .rodata            const     0x801'4926         2        0x2  lv_keyboard.o [7]
  .text              ro code   0x801'4928         4      0xc28  lv_obj.o [5]
  .text              ro code   0x801'5550         2      0x168  lv_ll.o [11]
  .text              ro code   0x801'56b8         4      0x1c8  lv_timer.o [11]
  .text              ro code   0x801'5880         4      0xfa8  lv_obj_scroll.o [5]
  .text              ro code   0x801'6828         4     0x118c  lv_obj_pos.o [5]
  .text              ro code   0x801'79b4         4      0xa86  lv_tlsf.o [11]
  .rodata            const     0x801'843a         2        0x2  lv_keyboard.o [7]
  .text              ro code   0x801'843c         4       0x12  ABImemset_small.o [16]
  .rodata            const     0x801'844e         2        0x2  lv_keyboard.o [7]
  .text              ro code   0x801'8450         4        0x6  ABImemclr4.o [16]
  .rodata            const     0x801'8456         2        0x2  lv_keyboard.o [7]
  .text              ro code   0x801'8458         4        0x6  ABImemclr.o [16]
  .rodata            const     0x801'845e         2        0x2  lv_keyboard.o [7]
  .text              ro code   0x801'8460         4      0x2ce  lv_event.o [5]
  .text              ro code   0x801'872e         2      0x64c  lv_obj_draw.o [5]
  .rodata            const     0x801'8d7a         2        0x2  lv_keyboard.o [7]
  .text              ro code   0x801'8d7c         4      0x3a0  lv_anim.o [11]
  .text              ro code   0x801'911c         4      0x158  lv_indev.o [5]
  .text              ro code   0x801'9274         4       0x18  lv_hal_indev.o [10]
  .text              ro code   0x801'928c         2      0x1c0  lv_obj_class.o [5]
  .text              ro code   0x801'944c         4      0x2d6  lv_fs.o [11]
  .rodata            const     0x801'9722         2        0x2  lv_keyboard.o [7]
  .text              ro code   0x801'9724         4      0x2fe  lv_group.o [5]
  .text              ro code   0x801'9a22         2        0x2  lv_draw.o [6]
  .text              ro code   0x801'9a24         4      0xbdc  lv_refr.o [5]
  .text              ro code   0x801'a600         4      0x73c  lv_img_decoder.o [6]
  .text              ro code   0x801'ad3c         2        0xe  lv_extra.o [7]
  .rodata            const     0x801'ad4a         2        0x2  lv_keyboard.o [7]
  .text              ro code   0x801'ad4c         4      0x3be  lv_area.o [11]
  .rodata            const     0x801'b10a         2        0x2  lv_keyboard.o [7]
  .text              ro code   0x801'b10c         4       0xc4  lv_draw_rect.o [6]
  .text              ro code   0x801'b1d0         4     0x1056  lv_draw_mask.o [6]
  .rodata            const     0x801'c226         2        0x2  lv_keyboard.o [7]
  .text              ro code   0x801'c228         4       0x30  lv_hal_tick.o [10]
  .text              ro code   0x801'c258         2       0x84  lv_obj_style_gen.o [5]
  .text              ro code   0x801'c2dc         4       0x3a  ABImemset48.o [16]
  .rodata            const     0x801'c316         2        0x2  lv_keyboard.o [7]
  .text              ro code   0x801'c318         4      0x344  lv_draw_img.o [6]
  .text              ro code   0x801'c65c         4      0x180  lv_math.o [11]
  .text              ro code   0x801'c7dc         4       0x70  lv_theme.o [5]
  .text              ro code   0x801'c84c         4       0x14  strlen_small.o [16]
  .text              ro code   0x801'c860         4      0x250  lv_font_fmt_txt.o [8]
  .text              ro code   0x801'cab0         4       0x18  strcpy.o [16]
  .text              ro code   0x801'cac8         4       0x12  strcmp.o [16]
  .rodata            const     0x801'cada         2        0x2  lv_keyboard.o [7]
  .text              ro code   0x801'cadc         4      0xade  lv_flex.o [7]
  .rodata            const     0x801'd5ba         2        0x2  lv_keyboard.o [7]
  .text              ro code   0x801'd5bc         4      0x8ca  lv_grid.o [7]
  .rodata            const     0x801'de86         2        0x2  lv_keyboard.o [7]
  .text              ro code   0x801'de88         4       0x54  lv_img_cache.o [6]
  .text              ro code   0x801'dedc         4      0x8f4  lv_img_buf.o [6]
  .text              ro code   0x801'e7d0         4      0x5fc  lv_draw_label.o [6]
  .text              ro code   0x801'edcc         2       0x46  lv_utils.o [11]
  .rodata            const     0x801'ee12         2        0x2  lv_keyboard.o [7]
  .text              ro code   0x801'ee14         4      0x6b0  lv_txt.o [11]
  .text              ro code   0x801'f4c4         2       0x2c  lv_draw_line.o [6]
  .text              ro code   0x801'f4f0         2       0x5e  lv_font.o [8]
  .rodata            const     0x801'f54e         2        0x2  lv_keyboard.o [7]
  .text              ro code   0x801'f550         4      0x70c  lv_printf.o [11]
  .text              ro code   0x801'fc5c         4      0x106  I64DivMod_small.o [16]
  .rodata            const     0x801'fd62         2        0x2  lv_keyboard.o [7]
  .text              ro code   0x801'fd64         4        0x2  I64DivZer.o [16]
  .text              ro code   0x801'fd66         2     0x1afe  lv_draw_sw_rect.o [6]
  .text              ro code   0x802'1864         4      0xcb8  lv_draw_sw_blend.o [6]
  .text              ro code   0x802'251c         4      0x3cc  lv_draw_sw_gradient.o [6]
  .text              ro code   0x802'28e8         4     0x1a74  lv_chart.o [7]
  .text              ro code   0x802'435c         4     0x10ac  lv_label.o [13]
  .text              ro code   0x802'5408         4      0xf48  lv_textarea.o [13]
  .text              ro code   0x802'6350         4      0xeca  xprintffull_nomb.o [14]
  .rodata            const     0x802'721a         2        0x2  lv_keyboard.o [7]
  .text              ro code   0x802'721c         4       0x16  strchr.o [16]
  .rodata            const     0x802'7232         2        0x2  lv_keyboard.o [7]
  .text              ro code   0x802'7234         4       0x40  xfail_s.o [14]
  .text              ro code   0x802'7274         4       0x58  memchr.o [16]
  .text              ro code   0x802'72cc         4       0x70  frexp.o [15]
  .text              ro code   0x802'733c         4       0x34  DblCmpLe.o [15]
  .text              ro code   0x802'7370         4       0x34  DblCmpGe.o [15]
  .text              ro code   0x802'73a4         4      0x13a  ldexp.o [15]
  .rodata            const     0x802'74de         2        0x2  lv_keyboard.o [7]
  .text              ro code   0x802'74e0         4       0x22  S32ToDbl.o [15]
  .rodata            const     0x802'7502         2        0x2  lv_keyboard.o [7]
  .text              ro code   0x802'7504         4      0x24e  DblAddSub.o [15]
  .rodata            const     0x802'7752         2        0x2  lv_keyboard.o [7]
  .text              ro code   0x802'7754         4      0x246  DblDiv.o [15]
  .rodata            const     0x802'799a         2        0x2  lv_keyboard.o [7]
  .text              ro code   0x802'799c         4       0x22  DblToU32.o [15]
  .rodata            const     0x802'79be         2        0x2  lv_keyboard.o [7]
  .text              ro code   0x802'79c0         4        0x8  xlocale_c.o [14]
  .text              ro code   0x802'79c8         2        0x6  abort.o [14]
  .rodata            const     0x802'79ce         2        0x2  lv_keyboard.o [7]
  .text              ro code   0x802'79d0         4       0x14  exit.o [17]
  .text              ro code   0x802'79e4         4      0xebe  lv_btnmatrix.o [13]
  .rodata            const     0x802'88a2         2        0x2  lv_keyboard.o [7]
  .text              ro code   0x802'88a4         4      0xc48  lv_dropdown.o [13]
  .rodata            const     0x802'94ec         4      0xbb0  lv_font_montserrat_14.o [8]
  .rodata            const     0x802'a09c         4      0xbb0  lv_font_montserrat_32.o [8]
  .text              ro code   0x802'ac4c         4      0xaf4  lv_arc.o [13]
  .text              ro code   0x802'b740         2      0x370  lv_draw_arc.o [6]
  .text              ro code   0x802'bab0         4      0x9e6  lv_table.o [13]
  .rodata            const     0x802'c496         2        0x2  lv_keyboard.o [7]
  .text              ro code   0x802'c498         4      0x9c4  lv_colorwheel.o [7]
  .text              ro code   0x802'ce5c         4      0x98c  lv_img.o [13]
  .text              ro code   0x802'd7e8         4      0x93c  lv_roller.o [13]
  .text              ro code   0x802'e124         4       0x3a  lv_indev_scroll.o [5]
  .rodata            const     0x802'e15e         2        0x2  lv_keyboard.o [7]
  .text              ro code   0x802'e160         4      0x8c4  lv_meter.o [7]
  .text              ro code   0x802'ea24         2      0x870  lv_draw_sw_arc.o [6]
  .text              ro code   0x802'f294         4      0x7e0  lv_bar.o [13]
  .text              ro code   0x802'fa74         4      0x7c4  lv_slider.o [13]
  .text              ro code   0x803'0238         4      0x774  lv_draw_sw_line.o [6]
  .text              ro code   0x803'09ac         4      0x550  stm32f4xx_hal_uart.o [4]
  .text              ro code   0x803'0efc         4       0xd8  usart.o [2]
  .text              ro code   0x803'0fd4         4      0x374  stm32f4xx_hal_dma.o [4]
  .text              ro code   0x803'1348         2        0x2  stm32f4xx_hal_uart.o [4]
  .text              ro code   0x803'134a         2        0x2  stm32f4xx_hal_uart.o [4]
  .text              ro code   0x803'134c         2        0x2  stm32f4xx_hal_uart.o [4]
  .text              ro code   0x803'134e         2        0x2  stm32f4xx_hal_uart.o [4]
  .text              ro code   0x803'1350         4      0x14c  stm32f4xx_hal_rcc.o [4]
  .text              ro code   0x803'149c         4      0x16c  main.o [2]
  .text              ro code   0x803'1608         4       0xbc  stm32f4xx_hal_cortex.o [4]
  .text              ro code   0x803'16c4         4       0x60  stm32f4xx_hal_rcc.o [4]
  .text              ro code   0x803'1724         4       0x40  stm32f4xx_hal.o [4]
  .text              ro code   0x803'1764         4       0x34  stm32f4xx_hal.o [4]
  .text              ro code   0x803'1798         4       0x54  led.o [2]
  .text              ro code   0x803'17ec         4       0xa4  key.o [2]
  .text              ro code   0x803'1890         4      0x1cc  sdram.o [2]
  .text              ro code   0x803'1a5c         4       0x72  lv_port_disp_template.o [12]
  .rodata            const     0x803'1ace         2        0x2  lv_keyboard.o [7]
  .text              ro code   0x803'1ad0         4       0x50  gpio.o [2]
  .text              ro code   0x803'1b20         4       0x34  dma.o [2]
  .text              ro code   0x803'1b54         4       0xdc  adc.o [2]
  .text              ro code   0x803'1c30         4       0x94  tim.o [2]
  .text              ro code   0x803'1cc4         4       0x40  sprintf.o [14]
  .text              ro code   0x803'1d04         4      0x314  stm32f4xx_hal_rcc.o [4]
  .text              ro code   0x803'2018         4       0x74  stm32f4xx_hal_pwr_ex.o [4]
  .text              ro code   0x803'208c         4       0x38  stm32f4xx_hal_msp.o [2]
  .text              ro code   0x803'20c4         4       0xb0  stm32f4xx_hal_sdram.o [4]
  .text              ro code   0x803'2174         4      0x2c4  stm32f4xx_hal_adc.o [4]
  .text              ro code   0x803'2438         4      0x254  stm32f4xx_hal_tim.o [4]
  .text              ro code   0x803'268c         4       0x8c  stm32f4xx_hal_tim_ex.o [4]
  .text              ro code   0x803'2718         2        0x2  stm32f4xx_hal_tim.o [4]
  .text              ro code   0x803'271a         2        0x2  stm32f4xx_hal_tim.o [4]
  .text              ro code   0x803'271c         2        0x2  stm32f4xx_hal_tim_ex.o [4]
  .text              ro code   0x803'271e         2        0x2  stm32f4xx_hal_tim.o [4]
  .text              ro code   0x803'2720         2        0x2  stm32f4xx_hal_tim_ex.o [4]
  .text              ro code   0x803'2722         2        0x2  stm32f4xx_hal_tim.o [4]
  .text              ro code   0x803'2724         4      0x4fc  lv_menu.o [7]
  .text              ro code   0x803'2c20         4       0x4c  lv_btn.o [13]
  .rodata            const     0x803'2c6c         4      0x4f0  lv_font_montserrat_14.o [8]
  .rodata            const     0x803'315c         4      0x4f0  lv_font_montserrat_32.o [8]
  .text              ro code   0x803'364c         2      0x4bc  lv_draw_sw_img.o [6]
  .text              ro code   0x803'3b08         4      0x43c  lv_calendar.o [7]
  .text              ro code   0x803'3f44         4      0x388  lv_spinbox.o [7]
  .text              ro code   0x803'42cc         4      0x378  lv_checkbox.o [13]
  .text              ro code   0x803'4644         4      0x378  lv_draw_sw_letter.o [6]
  .text              ro code   0x803'49bc         4      0x30c  lv_switch.o [13]
  .text              ro code   0x803'4cc8         4      0x2f0  lv_tabview.o [7]
  .text              ro code   0x803'4fb8         4      0x2d4  lv_keyboard.o [7]
  .rodata            const     0x803'528c         4      0x28c  lv_calendar_header_dropdown.o [7]
  .text              ro code   0x803'5518         4      0x288  lv_draw_sw_polygon.o [6]
  .text              ro code   0x803'57a0         4      0x274  lv_led.o [7]
  .text              ro code   0x803'5a14         2      0x1fa  lz77_init.o [16]
  .rodata            const     0x803'5c0e         2        0x2  lv_keyboard.o [7]
  .text              ro code   0x803'5c10         4      0x1a8  lv_line.o [13]
  .text              ro code   0x803'5db8         4      0x1a4  lv_calendar_header_arrow.o [7]
  .text              ro code   0x803'5f5c         4      0x184  lv_tileview.o [7]
  .text              ro code   0x803'60e0         4      0x144  lv_calendar_header_dropdown.o [7]
  .rodata            const     0x803'6224         4      0x100  lv_draw_sw_letter.o [6]
  .rodata            const     0x803'6324         4       0xc0  lv_color.o [11]
  .rodata            const     0x803'63e4         4       0xb8  lv_math.o [11]
  .rodata            const     0x803'649c         4       0xb0  lv_keyboard.o [7]
  .rodata            const     0x803'654c         4       0xb0  lv_keyboard.o [7]
  .rodata            const     0x803'65fc         4       0xb0  lv_keyboard.o [7]
  .text              ro code   0x803'66ac         4       0xb0  lv_spinner.o [7]
  .rodata            const     0x803'675c         4       0xa0  lv_font_montserrat_14.o [8]
  .rodata            const     0x803'67fc         4       0xa0  lv_font_montserrat_14.o [8]
  .rodata            const     0x803'689c         4       0xa0  lv_font_montserrat_32.o [8]
  .rodata            const     0x803'693c         4       0xa0  lv_font_montserrat_32.o [8]
  .rodata            const     0x803'69dc         4       0x98  lv_color.o [11]
  .text              ro code   0x803'6a74         4       0x94  lv_win.o [7]
  .rodata            const     0x803'6b08         4       0x7c  lv_font_montserrat_14.o [8]
  .rodata            const     0x803'6b84         4       0x7c  lv_font_montserrat_32.o [8]
  .text              ro code   0x803'6c00         4       0x56  lv_draw_sw.o [6]
  .rodata            const     0x803'6c56         2        0x2  lv_keyboard.o [7]
  .rodata            const     0x803'6c58         4       0x54  lv_keyboard.o [7]
  .text              ro code   0x803'6cac         4       0x54  lv_list.o [7]
  .rodata            const     0x803'6d00         4       0x50  lv_keyboard.o [7]
  .rodata            const     0x803'6d50         4       0x50  lv_keyboard.o [7]
  .rodata            const     0x803'6da0         4       0x50  lv_keyboard.o [7]
  .text              ro code   0x803'6df0         4       0x38  lv_msgbox.o [7]
  .text              ro code   0x803'6e28         2       0x38  zero_init3.o [16]
  .text              ro code   0x803'6e60         4       0x34  stm32f4xx_it.o [2]
  .text              ro code   0x803'6e94         4       0x10  stm32f4xx_hal.o [4]
  .rodata            const     0x803'6ea4         4       0x30  lv_roller.o [13]
  .text              ro code   0x803'6ed4         4       0x2a  data_init.o [16]
  .rodata            const     0x803'6efe         2        0x2  lv_keyboard.o [7]
  .rodata            const     0x803'6f00         4       0x28  lv_color.o [11]
  .rodata            const     0x803'6f28         4       0x28  lv_font_montserrat_14.o [8]
  .rodata            const     0x803'6f50         4       0x28  lv_font_montserrat_32.o [8]
  .rodata            const     0x803'6f78         4       0x28  lv_keyboard.o [7]
  .rodata            const     0x803'6fa0         4       0x24  lv_draw_sw_line.o [6]
  .rodata            const     0x803'6fc4         4       0x24  lv_keyboard.o [7]
  .text              ro code   0x803'6fe8         4       0x22  fpinit_M.o [15]
  .iar.init_table    const     0x803'700c         4       0x34  - Linker created -
  .rodata            const     0x803'7040         2        0x2  lv_keyboard.o [7]
  .text              ro code   0x803'7044         4       0x20  system_stm32f4xx.o [1]
  .text              ro code   0x803'7064         4       0x1e  cmain.o [16]
  .text              ro code   0x803'7082         2        0x4  low_level_init.o [14]
  .text              ro code   0x803'7086         2        0x4  exit.o [14]
  .rodata            const     0x803'708a         2        0x2  lv_keyboard.o [7]
  .text              ro code   0x803'708c         4        0xa  cexit.o [16]
  .rodata            const     0x803'7096         2        0x2  lv_keyboard.o [7]
  .rodata            const     0x803'7098         4       0x1c  lv_font_montserrat_14.o [8]
  .rodata            const     0x803'70b4         4       0x1c  lv_font_montserrat_32.o [8]
  .text              ro code   0x803'70d0         4       0x1c  cstartup_M.o [16]
  .rodata            const     0x803'70ec         4       0x18  lv_font_montserrat_14.o [8]
  .rodata            const     0x803'7104         4       0x18  lv_font_montserrat_32.o [8]
  .rodata            const     0x803'711c         4       0x18  lv_theme_default.o [7]
  .rodata            const     0x803'7134         4       0x10  lv_font_montserrat_14.o [8]
  .rodata            const     0x803'7144         4       0x10  lv_font_montserrat_32.o [8]
  .text              ro code   0x803'7154         4       0x10  startup_stm32f429xx.o [3]
  .rodata            const     0x803'7164         4        0xc  lv_calendar_header_arrow.o [7]
  .rodata            const     0x803'7170         4        0xc  lv_calendar_header_arrow.o [7]
  .rodata            const     0x803'717c         4        0xc  lv_calendar_header_arrow.o [7]
  .rodata            const     0x803'7188         4        0xc  lv_calendar_header_arrow.o [7]
  .rodata            const     0x803'7194         4        0x8  lv_btnmatrix.o [13]
  .rodata            const     0x803'719c         4        0x8  lv_btnmatrix.o [13]
  .rodata            const     0x803'71a4         4        0x8  lv_btnmatrix.o [13]
  .rodata            const     0x803'71ac         4        0x8  lv_btnmatrix.o [13]
  .rodata            const     0x803'71b4         4        0x8  lv_btnmatrix.o [13]
  .rodata            const     0x803'71bc         4        0x8  lv_calendar_header_arrow.o [7]
  .rodata            const     0x803'71c4         4        0x8  lv_calendar_header_arrow.o [7]
  .rodata            const     0x803'71cc         4        0x8  lv_calendar_header_arrow.o [7]
  .rodata            const     0x803'71d4         4        0x8  lv_calendar_header_arrow.o [7]
  .rodata            const     0x803'71dc         4        0x8  lv_calendar_header_arrow.o [7]
  .rodata            const     0x803'71e4         4        0x8  lv_calendar_header_arrow.o [7]
  .rodata            const     0x803'71ec         4        0x8  lv_calendar_header_arrow.o [7]
  .rodata            const     0x803'71f4         4        0x8  system_stm32f4xx.o [1]
  .rodata            const     0x803'71fc         4        0x4  lv_calendar.o [7]
  .rodata            const     0x803'7200         4        0x4  lv_calendar.o [7]
  .rodata            const     0x803'7204         4        0x4  lv_calendar.o [7]
  .rodata            const     0x803'7208         4        0x4  lv_calendar.o [7]
  .rodata            const     0x803'720c         4        0x4  lv_calendar.o [7]
  .rodata            const     0x803'7210         4        0x4  lv_calendar.o [7]
  .rodata            const     0x803'7214         4        0x4  lv_calendar.o [7]
  .rodata            const     0x803'7218         4        0x4  lv_calendar_header_arrow.o [7]
  .text              ro code   0x803'721c         2        0x4  startup_stm32f429xx.o [3]
  .text              ro code   0x803'7220         2        0x4  startup_stm32f429xx.o [3]
  .text              ro code   0x803'7224         2        0x4  startup_stm32f429xx.o [3]
  .text              ro code   0x803'7228         2        0x4  startup_stm32f429xx.o [3]
  .text              ro code   0x803'722c         2        0x4  startup_stm32f429xx.o [3]
  .text              ro code   0x803'7230         2        0x4  startup_stm32f429xx.o [3]
  .text              ro code   0x803'7234         2        0x4  startup_stm32f429xx.o [3]
  .text              ro code   0x803'7238         2        0x4  startup_stm32f429xx.o [3]
  .text              ro code   0x803'723c         2        0x4  startup_stm32f429xx.o [3]
  .text              ro code   0x803'7240         2        0x4  startup_stm32f429xx.o [3]
  .text              ro code   0x803'7244         2        0x4  startup_stm32f429xx.o [3]
  .text              ro code   0x803'7248         2        0x4  startup_stm32f429xx.o [3]
  .text              ro code   0x803'724c         2        0x4  startup_stm32f429xx.o [3]
  .text              ro code   0x803'7250         2        0x4  startup_stm32f429xx.o [3]
  .text              ro code   0x803'7254         2        0x4  startup_stm32f429xx.o [3]
  .text              ro code   0x803'7258         2        0x4  startup_stm32f429xx.o [3]
  .text              ro code   0x803'725c         2        0x4  startup_stm32f429xx.o [3]
  .text              ro code   0x803'7260         2        0x4  startup_stm32f429xx.o [3]
  .text              ro code   0x803'7264         2        0x4  startup_stm32f429xx.o [3]
  .text              ro code   0x803'7268         2        0x4  startup_stm32f429xx.o [3]
  .text              ro code   0x803'726c         2        0x4  startup_stm32f429xx.o [3]
  .text              ro code   0x803'7270         2        0x4  startup_stm32f429xx.o [3]
  .text              ro code   0x803'7274         2        0x4  startup_stm32f429xx.o [3]
  .text              ro code   0x803'7278         2        0x4  startup_stm32f429xx.o [3]
  .text              ro code   0x803'727c         2        0x4  startup_stm32f429xx.o [3]
  .text              ro code   0x803'7280         2        0x4  startup_stm32f429xx.o [3]
  .text              ro code   0x803'7284         2        0x4  startup_stm32f429xx.o [3]
  .text              ro code   0x803'7288         2        0x4  startup_stm32f429xx.o [3]
  .text              ro code   0x803'728c         2        0x4  startup_stm32f429xx.o [3]
  .text              ro code   0x803'7290         2        0x4  startup_stm32f429xx.o [3]
  .text              ro code   0x803'7294         2        0x4  startup_stm32f429xx.o [3]
  .text              ro code   0x803'7298         2        0x4  startup_stm32f429xx.o [3]
  .text              ro code   0x803'729c         2        0x4  startup_stm32f429xx.o [3]
  .text              ro code   0x803'72a0         2        0x4  startup_stm32f429xx.o [3]
  .text              ro code   0x803'72a4         2        0x4  startup_stm32f429xx.o [3]
  .text              ro code   0x803'72a8         2        0x4  startup_stm32f429xx.o [3]
  .text              ro code   0x803'72ac         2        0x4  startup_stm32f429xx.o [3]
  .text              ro code   0x803'72b0         2        0x4  startup_stm32f429xx.o [3]
  .text              ro code   0x803'72b4         2        0x4  startup_stm32f429xx.o [3]
  .text              ro code   0x803'72b8         2        0x4  startup_stm32f429xx.o [3]
  .text              ro code   0x803'72bc         2        0x4  startup_stm32f429xx.o [3]
  .text              ro code   0x803'72c0         2        0x4  startup_stm32f429xx.o [3]
  .text              ro code   0x803'72c4         2        0x4  startup_stm32f429xx.o [3]
  .text              ro code   0x803'72c8         2        0x4  startup_stm32f429xx.o [3]
  .text              ro code   0x803'72cc         2        0x4  startup_stm32f429xx.o [3]
  .text              ro code   0x803'72d0         2        0x4  startup_stm32f429xx.o [3]
  .text              ro code   0x803'72d4         2        0x4  startup_stm32f429xx.o [3]
  .text              ro code   0x803'72d8         2        0x4  startup_stm32f429xx.o [3]
  .text              ro code   0x803'72dc         2        0x4  startup_stm32f429xx.o [3]
  .text              ro code   0x803'72e0         2        0x4  startup_stm32f429xx.o [3]
  .text              ro code   0x803'72e4         2        0x4  startup_stm32f429xx.o [3]
  .text              ro code   0x803'72e8         2        0x4  startup_stm32f429xx.o [3]
  .text              ro code   0x803'72ec         2        0x4  startup_stm32f429xx.o [3]
  .text              ro code   0x803'72f0         2        0x4  startup_stm32f429xx.o [3]
  .text              ro code   0x803'72f4         2        0x4  startup_stm32f429xx.o [3]
  .text              ro code   0x803'72f8         2        0x4  startup_stm32f429xx.o [3]
  .text              ro code   0x803'72fc         2        0x4  startup_stm32f429xx.o [3]
  .text              ro code   0x803'7300         2        0x4  startup_stm32f429xx.o [3]
  .text              ro code   0x803'7304         2        0x4  startup_stm32f429xx.o [3]
  .text              ro code   0x803'7308         2        0x4  startup_stm32f429xx.o [3]
  .text              ro code   0x803'730c         2        0x4  startup_stm32f429xx.o [3]
  .text              ro code   0x803'7310         2        0x4  startup_stm32f429xx.o [3]
  .text              ro code   0x803'7314         2        0x4  startup_stm32f429xx.o [3]
  .text              ro code   0x803'7318         2        0x4  startup_stm32f429xx.o [3]
  .text              ro code   0x803'731c         2        0x4  startup_stm32f429xx.o [3]
  .text              ro code   0x803'7320         2        0x4  startup_stm32f429xx.o [3]
  .text              ro code   0x803'7324         2        0x4  startup_stm32f429xx.o [3]
  .text              ro code   0x803'7328         2        0x4  startup_stm32f429xx.o [3]
  .text              ro code   0x803'732c         2        0x4  startup_stm32f429xx.o [3]
  .text              ro code   0x803'7330         2        0x4  startup_stm32f429xx.o [3]
  .text              ro code   0x803'7334         2        0x4  startup_stm32f429xx.o [3]
  .text              ro code   0x803'7338         2        0x4  startup_stm32f429xx.o [3]
  .text              ro code   0x803'733c         2        0x4  startup_stm32f429xx.o [3]
  .text              ro code   0x803'7340         2        0x4  startup_stm32f429xx.o [3]
  .text              ro code   0x803'7344         2        0x4  startup_stm32f429xx.o [3]
  .text              ro code   0x803'7348         2        0x4  startup_stm32f429xx.o [3]
  .text              ro code   0x803'734c         2        0x4  startup_stm32f429xx.o [3]
  .text              ro code   0x803'7350         2        0x4  startup_stm32f429xx.o [3]
  .text              ro code   0x803'7354         2        0x4  startup_stm32f429xx.o [3]
  .text              ro code   0x803'7358         2        0x4  startup_stm32f429xx.o [3]
  .text              ro code   0x803'735c         2        0x4  startup_stm32f429xx.o [3]
  .text              ro code   0x803'7360         2        0x4  startup_stm32f429xx.o [3]
  .text              ro code   0x803'7364         2        0x4  startup_stm32f429xx.o [3]
  .text              ro code   0x803'7368         2        0x4  startup_stm32f429xx.o [3]
  .text              ro code   0x803'736c         2        0x4  startup_stm32f429xx.o [3]
  .text              ro code   0x803'7370         2        0x4  startup_stm32f429xx.o [3]
  .text              ro code   0x803'7374         2        0x4  startup_stm32f429xx.o [3]
  .rodata            const     0x803'7378         2        0x2  lv_keyboard.o [7]
  .rodata            const     0x803'737a         2        0x2  lv_keyboard.o [7]
  .rodata            const     0x803'737c         2        0x2  lv_keyboard.o [7]
  .rodata            const     0x803'737e         2        0x2  lv_keyboard.o [7]
  .rodata            const     0x803'7380         2        0x2  lv_keyboard.o [7]
  .rodata            const     0x803'7382         2        0x2  lv_keyboard.o [7]
  .rodata            const     0x803'7384         2        0x2  lv_keyboard.o [7]
  .rodata            const     0x803'7386         2        0x2  lv_keyboard.o [7]
  .rodata            const     0x803'7388         2        0x2  lv_keyboard.o [7]
  .rodata            const     0x803'738a         2        0x2  lv_keyboard.o [7]
  .rodata            const     0x803'738c         2        0x2  lv_keyboard.o [7]
  .rodata            const     0x803'738e         2        0x2  lv_keyboard.o [7]
  .rodata            const     0x803'7390         2        0x2  lv_keyboard.o [7]
  .rodata            const     0x803'7392         2        0x2  lv_keyboard.o [7]
  .rodata            const     0x803'7394         2        0x2  lv_keyboard.o [7]
  .rodata            const     0x803'7396         2        0x2  lv_keyboard.o [7]
  .rodata            const     0x803'7398         2        0x2  lv_keyboard.o [7]
  .rodata            const     0x803'739a         2        0x2  lv_keyboard.o [7]
  .rodata            const     0x803'739c         2        0x2  lv_keyboard.o [7]
  .rodata            const     0x803'739e         2        0x2  lv_keyboard.o [7]
  .rodata            const     0x803'73a0         2        0x2  lv_keyboard.o [7]
  .rodata            const     0x803'73a2         2        0x2  lv_keyboard.o [7]
  .rodata            const     0x803'73a4         2        0x2  lv_keyboard.o [7]
  .rodata            const     0x803'73a6         2        0x2  lv_keyboard.o [7]
  .rodata            const     0x803'73a8         2        0x2  lv_keyboard.o [7]
  .rodata            const     0x803'73aa         2        0x2  lv_keyboard.o [7]
  .rodata            const     0x803'73ac         2        0x2  lv_keyboard.o [7]
  .rodata            const     0x803'73ae         2        0x2  lv_keyboard.o [7]
  .rodata            const     0x803'73b0         2        0x2  lv_keyboard.o [7]
  .rodata            const     0x803'73b2         2        0x2  lv_keyboard.o [7]
  .rodata            const     0x803'73b4         2        0x2  lv_keyboard.o [7]
  .rodata            const     0x803'73b6         2        0x2  lv_keyboard.o [7]
  .rodata            const     0x803'73b8         2        0x2  lv_keyboard.o [7]
  .rodata            const     0x803'73ba         2        0x2  lv_keyboard.o [7]
  .rodata            const     0x803'73bc         2        0x2  lv_keyboard.o [7]
  .rodata            const     0x803'73be         2        0x2  lv_keyboard.o [7]
  .rodata            const     0x803'73c0         2        0x2  lv_keyboard.o [7]
  .rodata            const     0x803'73c2         2        0x2  lv_keyboard.o [7]
  .rodata            const     0x803'73c4         2        0x2  lv_keyboard.o [7]
  .rodata            const     0x803'73c6         2        0x2  lv_keyboard.o [7]
  .rodata            const     0x803'73c8         2        0x2  lv_keyboard.o [7]
  .rodata            const     0x803'73ca         2        0x2  lv_keyboard.o [7]
  .rodata            const     0x803'73cc         2        0x2  lv_keyboard.o [7]
  .rodata            const     0x803'73ce         2        0x2  lv_keyboard.o [7]
  .rodata            const     0x803'73d0         2        0x2  lv_keyboard.o [7]
  .rodata            const     0x803'73d2         2        0x2  lv_keyboard.o [7]
  .rodata            const     0x803'73d4         2        0x2  lv_keyboard.o [7]
  .rodata            const     0x803'73d6         2        0x2  lv_keyboard.o [7]
  .rodata            const     0x803'73d8         2        0x2  lv_keyboard.o [7]
  .rodata            const     0x803'73da         2        0x2  lv_keyboard.o [7]
  .rodata            const     0x803'73dc         2        0x2  xlocale_c.o [14]
  .rodata            const     0x803'73de                  0x1  lv_btnmatrix.o [13]
  .rodata            const     0x803'73df                  0x1  lv_keyboard.o [7]
  .rodata            const     0x803'73e0                  0x1  xlocale_c.o [14]
  .rodata            const     0x803'73e1                  0x0  zero_init3.o [16]
  .rodata            const     0x803'73e1                  0x0  lz77_init.o [16]
  Initializer bytes  const     0x803'73e1                0x2d5  <for P4 s0>
                             - 0x803'76b6             0x3'750a

"P4", part 1 of 3:                                      0xb989
  P4 s0                       0x2000'0000               0xb989  <Init block>
    .data            inited   0x2000'0000         4     0xb808  lv_mem.o [11]
    .data            inited   0x2000'b808         4       0x64  lcd.o [2]
    .data            inited   0x2000'b86c         4       0x48  lv_keyboard.o [7]
    .data            inited   0x2000'b8b4         4       0x38  xlocale_c.o [14]
    .data            inited   0x2000'b8ec         4       0x30  lv_calendar_header_arrow.o [7]
    .data            inited   0x2000'b91c         4       0x1c  lv_btnmatrix.o [13]
    .data            inited   0x2000'b938         4       0x1c  lv_calendar.o [7]
    .data            inited   0x2000'b954         4        0xc  stm32f4xx_hal.o [4]
    .data            inited   0x2000'b960         4        0x8  lv_txt.o [11]
    .data            inited   0x2000'b968         2        0x6  lv_colorwheel.o [7]
    .data            inited   0x2000'b96e         2        0x2  lv_style.o [11]
    .data            inited   0x2000'b970         4        0x4  lv_txt.o [11]
    .data            inited   0x2000'b974         4        0x4  lv_txt.o [11]
    .data            inited   0x2000'b978         4        0x4  lv_txt.o [11]
    .data            inited   0x2000'b97c         4        0x4  lv_txt.o [11]
    .data            inited   0x2000'b980         4        0x4  lv_txt.o [11]
    .data            inited   0x2000'b984         4        0x4  system_stm32f4xx.o [1]
    .data            inited   0x2000'b988                  0x1  lv_obj_style.o [5]
                            - 0x2000'b989               0xb989

"P4", part 2 of 3:                                      0x6be0
  .bss               zero     0x2000'b98c         4     0x6468  lv_port_disp_template.o [12]
  .bss               zero     0x2001'1df4         4      0x210  lv_gc.o [11]
  .bss               zero     0x2001'2004         4      0x148  adc.o [2]
  .bss               zero     0x2001'214c         4      0x108  lv_draw_sw_letter.o [6]
  .bss               zero     0x2001'2254         4       0xa8  ltdc.o [2]
  .bss               zero     0x2001'22fc         4       0x60  adc.o [2]
  .bss               zero     0x2001'235c         4       0x48  tim.o [2]
  .bss               zero     0x2001'23a4         4       0x48  usart.o [2]
  .bss               zero     0x2001'23ec         4       0x40  lv_theme_default.o [7]
  .bss               zero     0x2001'242c         4       0x34  sdram.o [2]
  .bss               zero     0x2001'2460         4       0x28  ltdc.o [2]
  .bss               zero     0x2001'2488         4       0x24  lv_theme_default.o [7]
  .bss               zero     0x2001'24ac         4       0x18  lv_grid.o [7]
  .bss               zero     0x2001'24c4         4       0x14  lv_timer.o [11]
  .bss               zero     0x2001'24d8         4        0xc  lv_anim.o [11]
  .bss               zero     0x2001'24e4         4        0xc  lv_draw_sw_gradient.o [6]
  .bss               zero     0x2001'24f0         4        0xc  lv_flex.o [7]
  .bss               zero     0x2001'24fc         4        0xc  lv_tileview.o [7]
  .bss               zero     0x2001'2508         4        0x8  lv_font_montserrat_14.o [8]
  .bss               zero     0x2001'2510         4        0x8  lv_font_montserrat_32.o [8]
  .bss               zero     0x2001'2518         4        0x8  lv_hal_tick.o [10]
  .bss               zero     0x2001'2520         4        0x8  lv_indev.o [5]
  .bss               zero     0x2001'2528         4        0x8  lv_refr.o [5]
  .bss               zero     0x2001'2530         4        0x8  lv_spinner.o [7]
  .bss               zero     0x2001'2538         4        0x8  lv_theme_default.o [7]
  .bss               zero     0x2001'2540         4        0x4  delay.o [2]
  .bss               zero     0x2001'2544         4        0x4  lv_event.o [5]
  .bss               zero     0x2001'2548         4        0x4  lv_group.o [5]
  .bss               zero     0x2001'254c         4        0x4  lv_hal_disp.o [10]
  .bss               zero     0x2001'2550         4        0x4  lv_obj.o [5]
  .bss               zero     0x2001'2554         4        0x4  lv_obj_pos.o [5]
  .bss               zero     0x2001'2558         2        0x4  lv_tabview.o [7]
  .bss               zero     0x2001'255c         4        0x4  lv_textarea.o [13]
  .bss               zero     0x2001'2560         4        0x4  xfail_s.o [14]
  .bss               zero     0x2001'2564         2        0x2  lv_flex.o [7]
  .bss               zero     0x2001'2566         2        0x2  lv_win.o [7]
  .bss               zero     0x2001'2568                  0x1  lv_colorwheel.o [7]
  .bss               zero     0x2001'2569                  0x1  lv_obj.o [5]
  .bss               zero     0x2001'256a                  0x1  lv_obj_pos.o [5]
                            - 0x2001'256b               0x6bdf

"P4", part 3 of 3:                                      0x2000
  CSTACK                      0x2001'2570         8     0x2000  <Block>
    CSTACK           uninit   0x2001'2570               0x2000  <Block tail>
                            - 0x2001'4570               0x2000

Absolute sections:                                   0x1f'4000
  .bss               zero     0xc000'0000            0x1f'4000  ltdc.o [2]
                            - 0xc01f'4000            0x1f'4000

Unused ranges:

         From           To      Size
         ----           --      ----
   0x803'76b6   0x80f'ffff  0xc'894a
  0x2000'b989  0x2000'b98b       0x3
  0x2001'256c  0x2001'256f       0x4
  0x2001'4570  0x2001'bfff    0x7a90
  0x2001'c000  0x2001'ffff    0x4000
  0x2002'0000  0x2002'ffff  0x1'0000


*******************************************************************************
*** INIT TABLE
***

          Address      Size
          -------      ----
Zero (__iar_zero_init3)
    2 destination ranges, total size 0x1f'abdf:
          0x2000'b98c     0x6bdf
          0xc000'0000  0x1f'4000

Copy/lz77 (__iar_lz77_init3)
    1 source range, total size 0x2d5 (1% of destination):
           0x803'73e1      0x2d5
    1 destination range, total size 0xb989:
          0x2000'0000     0xb989



*******************************************************************************
*** MODULE SUMMARY
***

    Module                         ro code  ro data  rw data    rw data
                                                                 (abs)
    ------                         -------  -------  -------    -------
command line/config:
    -------------------------------------------------------------------
    Total:

C:\Users\heuch\Desktop\ARM\STM32\Study\LTDC - LVGL\EWARM\LTDC\Obj\CMSIS_6603591812247902717.dir: [1]
    system_stm32f4xx.o                  32        8        4
    -------------------------------------------------------------------
    Total:                              32        8        4

C:\Users\heuch\Desktop\ARM\STM32\Study\LTDC - LVGL\EWARM\LTDC\Obj\Core_13247989168731456611.dir: [2]
    adc.o                              220               424
    delay.o                             70                 4
    dma.o                               52
    gpio.o                              80
    key.o                              164
    lcd.o                           13'284        1      100
    led.o                               84
    ltdc.o                           1'554               208  2'048'000
    main.o                             364
    sdram.o                            460                52
    stm32f4xx_hal_msp.o                 56
    stm32f4xx_it.o                      52
    tim.o                              148                72
    usart.o                            216                72
    -------------------------------------------------------------------
    Total:                          16'804        1      932  2'048'000

C:\Users\heuch\Desktop\ARM\STM32\Study\LTDC - LVGL\EWARM\LTDC\Obj\EWARM_18443280873093131863.dir: [3]
    startup_stm32f429xx.o              792
    -------------------------------------------------------------------
    Total:                             792

C:\Users\heuch\Desktop\ARM\STM32\Study\LTDC - LVGL\EWARM\LTDC\Obj\STM32F4xx_HAL_Driver_1244631019742807970.dir: [4]
    stm32f4xx_hal.o                    144                12
    stm32f4xx_hal_adc.o                708
    stm32f4xx_hal_cortex.o             188
    stm32f4xx_hal_dma.o                884
    stm32f4xx_hal_gpio.o               548
    stm32f4xx_hal_ltdc.o               728
    stm32f4xx_hal_pwr_ex.o             116
    stm32f4xx_hal_rcc.o              1'216
    stm32f4xx_hal_rcc_ex.o             552
    stm32f4xx_hal_sdram.o              176
    stm32f4xx_hal_sram.o                88
    stm32f4xx_hal_tim.o                604
    stm32f4xx_hal_tim_ex.o             144
    stm32f4xx_hal_uart.o             1'368
    stm32f4xx_ll_fmc.o                 610
    -------------------------------------------------------------------
    Total:                           8'074                12

C:\Users\heuch\Desktop\ARM\STM32\Study\LTDC - LVGL\EWARM\LTDC\Obj\core_12370908267808153421.dir: [5]
    lv_disp.o                           68
    lv_event.o                         718                 4
    lv_group.o                         766                 4
    lv_indev.o                         344                 8
    lv_indev_scroll.o                   58
    lv_obj.o                         3'112                 5
    lv_obj_class.o                     448
    lv_obj_draw.o                    1'612
    lv_obj_pos.o                     4'492                 5
    lv_obj_scroll.o                  4'008
    lv_obj_style.o                   3'284        1        1
    lv_obj_style_gen.o                 132
    lv_obj_tree.o                      866
    lv_refr.o                        3'036                 8
    lv_theme.o                         112
    -------------------------------------------------------------------
    Total:                          23'056        1       35

C:\Users\heuch\Desktop\ARM\STM32\Study\LTDC - LVGL\EWARM\LTDC\Obj\draw_10542837691197429852.dir: [6]
    lv_draw.o                            2
    lv_draw_arc.o                      880
    lv_draw_img.o                      836
    lv_draw_label.o                  1'532
    lv_draw_line.o                      44
    lv_draw_mask.o                   4'182
    lv_draw_rect.o                     196
    lv_draw_sw.o                        86
    lv_draw_sw_arc.o                 2'160
    lv_draw_sw_blend.o               3'256
    lv_draw_sw_gradient.o              972                12
    lv_draw_sw_img.o                 1'212
    lv_draw_sw_letter.o                888      256      264
    lv_draw_sw_line.o                1'908       36
    lv_draw_sw_polygon.o               648
    lv_draw_sw_rect.o                6'910
    lv_img_buf.o                     2'292
    lv_img_cache.o                      84
    lv_img_decoder.o                 1'852
    -------------------------------------------------------------------
    Total:                          29'940      292      276

C:\Users\heuch\Desktop\ARM\STM32\Study\LTDC - LVGL\EWARM\LTDC\Obj\extra_16734186234889456325.dir: [7]
    lv_calendar.o                    1'084       29       28
    lv_calendar_header_arrow.o         420      109       48
    lv_calendar_header_dropdown.o      324      652
    lv_chart.o                       6'772
    lv_colorwheel.o                  2'500                 7
    lv_extra.o                          14
    lv_flex.o                        2'782                14
    lv_grid.o                        2'250                24
    lv_keyboard.o                      724    1'112       72
    lv_led.o                           628
    lv_list.o                           84
    lv_menu.o                        1'276
    lv_meter.o                       2'244
    lv_msgbox.o                         56
    lv_spinbox.o                       904
    lv_spinner.o                       176                 8
    lv_tabview.o                       752                 4
    lv_theme_default.o               8'164       24      108
    lv_tileview.o                      388                12
    lv_win.o                           148                 2
    -------------------------------------------------------------------
    Total:                          31'690    1'926      327

C:\Users\heuch\Desktop\ARM\STM32\Study\LTDC - LVGL\EWARM\LTDC\Obj\font_15165346281545810489.dir: [8]
    lv_font.o                           94
    lv_font_fmt_txt.o                  592
    lv_font_montserrat_14.o                  13'640        8
    lv_font_montserrat_32.o                  45'904        8
    -------------------------------------------------------------------
    Total:                             686   59'544       16

C:\Users\heuch\Desktop\ARM\STM32\Study\LTDC - LVGL\EWARM\LTDC\Obj\gpu_2374637852588095281.dir: [9]
    -------------------------------------------------------------------
    Total:

C:\Users\heuch\Desktop\ARM\STM32\Study\LTDC - LVGL\EWARM\LTDC\Obj\hal_7470399288984429285.dir: [10]
    lv_hal_disp.o                      592                 4
    lv_hal_indev.o                      24
    lv_hal_tick.o                       48                 8
    -------------------------------------------------------------------
    Total:                             664                12

C:\Users\heuch\Desktop\ARM\STM32\Study\LTDC - LVGL\EWARM\LTDC\Obj\misc_2649020512424640869.dir: [11]
    lv_anim.o                          928                12
    lv_area.o                          958
    lv_color.o                         564      384
    lv_fs.o                            726
    lv_gc.o                                              528
    lv_ll.o                            360
    lv_math.o                          384      184
    lv_mem.o                         1'074      719   47'112
    lv_printf.o                      1'804
    lv_style.o                         846                 2
    lv_style_gen.o                     446
    lv_timer.o                         456                20
    lv_tlsf.o                        2'694
    lv_txt.o                         1'712                28
    lv_utils.o                          70
    -------------------------------------------------------------------
    Total:                          13'022    1'287   47'702

C:\Users\heuch\Desktop\ARM\STM32\Study\LTDC - LVGL\EWARM\LTDC\Obj\porting_10553306724186100541.dir: [12]
    lv_port_disp_template.o            114            25'704
    -------------------------------------------------------------------
    Total:                             114            25'704

C:\Users\heuch\Desktop\ARM\STM32\Study\LTDC - LVGL\EWARM\LTDC\Obj\widgets_14443196474108422803.dir: [13]
    lv_arc.o                         2'804
    lv_bar.o                         2'016
    lv_btn.o                            76
    lv_btnmatrix.o                   3'774       43       28
    lv_checkbox.o                      888
    lv_dropdown.o                    3'144
    lv_img.o                         2'444
    lv_label.o                       4'268
    lv_line.o                          424
[...]
lv_style_set_border_post
                         0x801'2bb7        0x8  Code  Gb  lv_style_gen.o [11]
lv_style_set_border_side
                         0x801'2baf        0x8  Code  Gb  lv_style_gen.o [11]
lv_style_set_border_width
                         0x801'2ba5        0xa  Code  Gb  lv_style_gen.o [11]
lv_style_set_clip_corner
                         0x801'2c7b        0x8  Code  Gb  lv_style_gen.o [11]
lv_style_set_color_filter_dsc
                         0x801'2c83        0x8  Code  Gb  lv_style_gen.o [11]
lv_style_set_color_filter_opa
                         0x801'2c8b        0x8  Code  Gb  lv_style_gen.o [11]
lv_style_set_height      0x801'2af9        0xa  Code  Gb  lv_style_gen.o [11]
lv_style_set_line_color
                         0x801'2c23        0xa  Code  Gb  lv_style_gen.o [11]
lv_style_set_line_width
                         0x801'2c19        0xa  Code  Gb  lv_style_gen.o [11]
lv_style_set_max_height
                         0x801'2b03        0xa  Code  Gb  lv_style_gen.o [11]
lv_style_set_max_width   0x801'2aef        0xa  Code  Gb  lv_style_gen.o [11]
lv_style_set_outline_color
                         0x801'2bc9        0xa  Code  Gb  lv_style_gen.o [11]
lv_style_set_outline_opa
                         0x801'2bd3        0xa  Code  Gb  lv_style_gen.o [11]
lv_style_set_outline_pad
                         0x801'2bdd        0xa  Code  Gb  lv_style_gen.o [11]
lv_style_set_outline_width
                         0x801'2bbf        0xa  Code  Gb  lv_style_gen.o [11]
lv_style_set_pad_all     0x801'0b6f       0x18  Code  Lc  lv_theme_default.o [7]
lv_style_set_pad_bottom
                         0x801'2b2b        0xa  Code  Gb  lv_style_gen.o [11]
lv_style_set_pad_column
                         0x801'2b53        0xa  Code  Gb  lv_style_gen.o [11]
lv_style_set_pad_gap     0x801'0bb3       0x16  Code  Lc  lv_theme_default.o [7]
lv_style_set_pad_hor     0x801'0b87       0x16  Code  Lc  lv_theme_default.o [7]
lv_style_set_pad_left    0x801'2b35        0xa  Code  Gb  lv_style_gen.o [11]
lv_style_set_pad_right   0x801'2b3f        0xa  Code  Gb  lv_style_gen.o [11]
lv_style_set_pad_row     0x801'2b49        0xa  Code  Gb  lv_style_gen.o [11]
lv_style_set_pad_top     0x801'2b21        0xa  Code  Gb  lv_style_gen.o [11]
lv_style_set_pad_ver     0x801'0b9d        0x6  Code  Lc  lv_theme_default.o [7]
lv_style_set_prop        0x801'366b       0xd8  Code  Gb  lv_style.o [11]
lv_style_set_radius      0x801'2c73        0x8  Code  Gb  lv_style_gen.o [11]
lv_style_set_shadow_color
                         0x801'2c05        0xa  Code  Gb  lv_style_gen.o [11]
lv_style_set_shadow_ofs_y
                         0x801'2bf1        0xa  Code  Gb  lv_style_gen.o [11]
lv_style_set_shadow_opa
                         0x801'2c0f        0xa  Code  Gb  lv_style_gen.o [11]
lv_style_set_shadow_spread
                         0x801'2bfb        0xa  Code  Gb  lv_style_gen.o [11]
lv_style_set_shadow_width
                         0x801'2be7        0xa  Code  Gb  lv_style_gen.o [11]
lv_style_set_size        0x801'0b59       0x16  Code  Lc  lv_theme_default.o [7]
lv_style_set_text_align
                         0x801'2c69        0xa  Code  Gb  lv_style_gen.o [11]
lv_style_set_text_color
                         0x801'2c49        0xc  Code  Gb  lv_style_gen.o [11]
lv_style_set_text_font   0x801'2c55        0xa  Code  Gb  lv_style_gen.o [11]
lv_style_set_text_line_space
                         0x801'2c5f        0xa  Code  Gb  lv_style_gen.o [11]
lv_style_set_transform_height
                         0x801'2b17        0xa  Code  Gb  lv_style_gen.o [11]
lv_style_set_transform_width
                         0x801'2b0d        0xa  Code  Gb  lv_style_gen.o [11]
lv_style_set_transition
                         0x801'2c9b        0x8  Code  Gb  lv_style_gen.o [11]
lv_style_set_width       0x801'2ae5        0xa  Code  Gb  lv_style_gen.o [11]
lv_style_transition_dsc_init
                         0x801'3799       0x26  Code  Gb  lv_style.o [11]
lv_switch_anim_exec_cb   0x803'4c99        0x2  Code  Lc  lv_switch.o [13]
lv_switch_anim_ready     0x803'4c9d        0x8  Code  Lc  lv_switch.o [13]
lv_switch_class          0x803'4cac       0x1c  Data  Gb  lv_switch.o [13]
lv_switch_constructor    0x803'49e5       0x28  Code  Lc  lv_switch.o [13]
lv_switch_destructor     0x803'4a0d        0x8  Code  Lc  lv_switch.o [13]
lv_switch_event          0x803'4a15      0x25e  Code  Lc  lv_switch.o [13]
lv_table_class           0x802'c240       0x1c  Data  Gb  lv_table.o [13]
lv_table_constructor     0x802'bb13       0x36  Code  Lc  lv_table.o [13]
lv_table_destructor      0x802'bb57       0x46  Code  Lc  lv_table.o [13]
lv_table_event           0x802'bb9d      0x6a4  Code  Lc  lv_table.o [13]
lv_tabview_class         0x803'4f9c       0x1c  Data  Gb  lv_tabview.o [7]
lv_tabview_constructor   0x803'4d47      0x112  Code  Lc  lv_tabview.o [7]
lv_tabview_destructor    0x803'4e61       0x60  Code  Lc  lv_tabview.o [7]
lv_tabview_event         0x803'4ec1       0x2c  Code  Lc  lv_tabview.o [7]
lv_tabview_get_content   0x803'4d3b        0x6  Code  Gb  lv_tabview.o [7]
lv_tabview_get_tab_btns
                         0x803'4d41        0x6  Code  Gb  lv_tabview.o [7]
lv_tabview_set_act       0x803'4cd7       0x64  Code  Gb  lv_tabview.o [7]
lv_textarea_add_char     0x802'5467      0x120  Code  Gb  lv_textarea.o [13]
lv_textarea_add_text     0x802'5587       0xe8  Code  Gb  lv_textarea.o [13]
lv_textarea_class        0x802'5f4c       0x1c  Data  Gb  lv_textarea.o [13]
lv_textarea_clear_selection
                         0x802'59d3       0x2a  Code  Gb  lv_textarea.o [13]
lv_textarea_constructor
                         0x802'5ab9       0x82  Code  Lc  lv_textarea.o [13]
lv_textarea_cursor_down
                         0x802'5a1d       0x3e  Code  Gb  lv_textarea.o [13]
lv_textarea_cursor_left
                         0x802'5a0f        0xe  Code  Gb  lv_textarea.o [13]
lv_textarea_cursor_right
                         0x802'5a09        0x6  Code  Gb  lv_textarea.o [13]
lv_textarea_cursor_up    0x802'5a63       0x30  Code  Gb  lv_textarea.o [13]
lv_textarea_del_char     0x802'5679       0x84  Code  Gb  lv_textarea.o [13]
lv_textarea_del_char_forward
                         0x802'5717       0x1c  Code  Gb  lv_textarea.o [13]
lv_textarea_destructor   0x802'5b41       0x1e  Code  Lc  lv_textarea.o [13]
lv_textarea_event        0x802'5b5f      0x3e8  Code  Lc  lv_textarea.o [13]
lv_textarea_get_cursor_pos
                         0x802'59bf        0x4  Code  Gb  lv_textarea.o [13]
lv_textarea_get_one_line
                         0x802'59c3        0x8  Code  Gb  lv_textarea.o [13]
lv_textarea_get_text     0x802'59a9       0x16  Code  Gb  lv_textarea.o [13]
lv_textarea_set_cursor_click_pos
                         0x802'5915       0x18  Code  Gb  lv_textarea.o [13]
lv_textarea_set_cursor_pos
                         0x802'582f       0xd8  Code  Gb  lv_textarea.o [13]
lv_textarea_set_one_line
                         0x802'592d       0x78  Code  Gb  lv_textarea.o [13]
lv_textarea_set_text     0x802'5733       0xc4  Code  Gb  lv_textarea.o [13]
lv_theme_apply           0x801'c7f3       0x22  Code  Gb  lv_theme.o [5]
lv_theme_default_get     0x801'1eb7        0xe  Code  Gb  lv_theme_default.o [7]
lv_theme_default_init    0x801'0c45     0x119e  Code  Gb  lv_theme_default.o [7]
lv_theme_default_is_inited
                         0x801'1ec5        0xc  Code  Gb  lv_theme_default.o [7]
lv_theme_get_color_primary
                         0x801'c819       0x16  Code  Gb  lv_theme.o [5]
lv_theme_get_from_obj    0x801'c7dd       0x16  Code  Gb  lv_theme.o [5]
lv_tick_elaps            0x801'c24d        0xc  Code  Gb  lv_hal_tick.o [10]
lv_tick_get              0x801'c237       0x10  Code  Gb  lv_hal_tick.o [10]
lv_tick_inc              0x801'c229        0xe  Code  Gb  lv_hal_tick.o [10]
lv_tileview_class        0x803'60a8       0x1c  Data  Gb  lv_tileview.o [7]
lv_tileview_constructor
                         0x803'5f5d       0x3a  Code  Lc  lv_tileview.o [7]
lv_tileview_tile_class   0x803'60c4       0x1c  Data  Gb  lv_tileview.o [7]
lv_tileview_tile_constructor
                         0x803'5f97       0x5e  Code  Lc  lv_tileview.o [7]
lv_timer_create          0x801'57e3       0x38  Code  Gb  lv_timer.o [11]
lv_timer_del             0x801'581b       0x1c  Code  Gb  lv_timer.o [11]
lv_timer_handler         0x801'56cb      0x118  Code  Gb  lv_timer.o [11]
lv_timer_handler::already_running
                        0x2001'24c8        0x1  Data  Lc  lv_timer.o [11]
lv_timer_handler::busy_time
                        0x2001'24d0        0x4  Data  Lc  lv_timer.o [11]
lv_timer_handler::idle_period_start
                        0x2001'24cc        0x4  Data  Lc  lv_timer.o [11]
lv_timer_handler{3}{4}::run_cnt
                        0x2001'24d4        0x4  Data  Lc  lv_timer.o [11]
lv_timer_pause           0x801'5837        0xa  Code  Gb  lv_timer.o [11]
lv_timer_ready           0x801'584b       0x12  Code  Gb  lv_timer.o [11]
lv_timer_resume          0x801'5841        0xa  Code  Gb  lv_timer.o [11]
lv_timer_run            0x2001'24c4        0x1  Data  Lc  lv_timer.o [11]
lv_timer_time_remaining
                         0x801'5869       0x18  Code  Lc  lv_timer.o [11]
lv_tlsf_add_pool         0x801'8259       0x40  Code  Gb  lv_tlsf.o [11]
lv_tlsf_create           0x801'829f       0x34  Code  Gb  lv_tlsf.o [11]
lv_tlsf_create_with_pool
                         0x801'82d3       0x1e  Code  Gb  lv_tlsf.o [11]
lv_tlsf_free             0x801'8319       0x54  Code  Gb  lv_tlsf.o [11]
lv_tlsf_get_pool         0x801'82f1        0x6  Code  Gb  lv_tlsf.o [11]
lv_tlsf_malloc           0x801'82f7       0x22  Code  Gb  lv_tlsf.o [11]
lv_tlsf_realloc          0x801'836d       0xce  Code  Gb  lv_tlsf.o [11]
lv_tlsf_walk_pool        0x801'8215       0x3e  Code  Gb  lv_tlsf.o [11]
lv_trigo_cos             0x802'c499        0x8  Code  Lc  lv_colorwheel.o [7]
lv_trigo_cos             0x802'e161        0x8  Code  Lc  lv_meter.o [7]
lv_trigo_sin             0x801'c65d       0x54  Code  Gb  lv_math.o [11]
lv_txt_get_size          0x801'ee2b       0xc2  Code  Gb  lv_txt.o [11]
lv_txt_get_width         0x801'f10b       0x76  Code  Gb  lv_txt.o [11]
lv_txt_unicode_to_utf8   0x801'f2cd       0x88  Code  Lc  lv_txt.o [11]
lv_txt_utf8_get_byte_id
                         0x801'f43d       0x32  Code  Lc  lv_txt.o [11]
lv_txt_utf8_get_char_id
                         0x801'f46f       0x24  Code  Lc  lv_txt.o [11]
lv_txt_utf8_get_length   0x801'f493       0x22  Code  Lc  lv_txt.o [11]
lv_txt_utf8_next         0x801'f355       0xa8  Code  Lc  lv_txt.o [11]
lv_txt_utf8_prev         0x801'f405       0x38  Code  Lc  lv_txt.o [11]
lv_txt_utf8_size         0x801'f29b       0x32  Code  Lc  lv_txt.o [11]
lv_vsnprintf             0x801'fc41        0xc  Code  Gb  lv_printf.o [11]
lv_win_class             0x803'6aec       0x1c  Data  Gb  lv_win.o [7]
lv_win_constructor       0x803'6a75       0x72  Code  Lc  lv_win.o [7]
main                     0x803'149d       0x80  Code  Gb  main.o [2]
make_one_button_checked
                         0x802'887b       0x28  Code  Lc  lv_btnmatrix.o [13]
mapping_insert           0x801'7f3d       0x2e  Code  Lc  lv_tlsf.o [11]
mask_mix                 0x801'c20d       0x1a  Code  Lc  lv_draw_mask.o [6]
memchr                   0x802'7275             Code  Gb  memchr.o [16]
month_event_cb           0x803'5e89       0x68  Code  Lc  lv_calendar_header_arrow.o [7]
month_event_cb           0x803'6169       0x28  Code  Lc  lv_calendar_header_dropdown.o [7]
month_names_def         0x2000'b8ec       0x30  Data  Lc  lv_calendar_header_arrow.o [7]
my_constructor           0x803'5db9       0xc2  Code  Lc  lv_calendar_header_arrow.o [7]
my_constructor           0x803'60e1       0x84  Code  Lc  lv_calendar_header_dropdown.o [7]
next_in_cache            0x802'2583       0x24  Code  Lc  lv_draw_sw_gradient.o [6]
node_set_next            0x801'56af        0xa  Code  Lc  lv_ll.o [11]
node_set_prev            0x801'56a7        0x8  Code  Lc  lv_ll.o [11]
obj_del_core             0x801'4837       0xf0  Code  Lc  lv_obj_tree.o [5]
offset_to_block          0x801'7ea9        0x4  Code  Lc  lv_tlsf.o [11]
place_content            0x801'd519       0x78  Code  Lc  lv_flex.o [7]
position_knob            0x803'0163       0x8a  Code  Lc  lv_slider.o [13]
position_to_selected     0x802'9455       0x48  Code  Lc  lv_dropdown.o [13]
pwd_char_hider           0x802'6031       0x84  Code  Lc  lv_textarea.o [13]
pwd_char_hider_anim      0x802'6029        0x2  Code  Lc  lv_textarea.o [13]
pwd_char_hider_anim_ready
                         0x802'602d        0x4  Code  Lc  lv_textarea.o [13]
px_num                  0x2001'2528        0x4  Data  Lc  lv_refr.o [5]
refr_cursor_area         0x802'6131      0x178  Code  Lc  lv_textarea.o [13]
refr_knob_pos            0x802'cd49       0x86  Code  Lc  lv_colorwheel.o [7]
refr_position            0x802'def1       0xf4  Code  Lc  lv_roller.o [13]
refr_size                0x802'c295       0xc2  Code  Lc  lv_table.o [13]
refresh_children_style   0x801'42b7       0x3a  Code  Lc  lv_obj_style.o [5]
remove_free_block        0x801'7f6b       0x48  Code  Lc  lv_tlsf.o [11]
report_style_change_core
                         0x801'4263       0x54  Code  Lc  lv_obj_style.o [5]
scalbln                  0x802'73a5             Code  Gb  ldexp.o [15]
scalblnl                 0x802'73a5             Code  Gb  ldexp.o [15]
scalbn                   0x802'73a5             Code  Gb  ldexp.o [15]
scalbnl                  0x802'73a5             Code  Gb  ldexp.o [15]
scale                    0x802'714f       0x46  Code  Lc  xprintffull_nomb.o [14]
scroll_anim_ready_cb     0x801'6579        0xa  Code  Lc  lv_obj_scroll.o [5]
scroll_anim_ready_cb     0x802'e0d5        0xe  Code  Lc  lv_roller.o [13]
scroll_area_into_view    0x801'6583      0x298  Code  Lc  lv_obj_scroll.o [5]
scroll_by_raw            0x801'64ff       0x48  Code  Lc  lv_obj_scroll.o [5]
scroll_x_anim            0x801'6549       0x18  Code  Lc  lv_obj_scroll.o [5]
scroll_y_anim            0x801'6561       0x18  Code  Lc  lv_obj_scroll.o [5]
sdram_init               0x803'1891       0x68  Code  Gb  sdram.o [2]
sdram_initialization_sequence
                         0x803'18f9       0x3e  Code  Gb  sdram.o [2]
sdram_send_cmd           0x803'1a0d       0x30  Code  Gb  sdram.o [2]
sec_hand                0x2001'2560        0x4  Data  Lc  xfail_s.o [14]
set_ofs_x_anim           0x802'53f1        0x8  Code  Lc  lv_label.o [13]
set_ofs_y_anim           0x802'53f9        0x8  Code  Lc  lv_label.o [13]
set_y_anim               0x802'e0e5        0x6  Code  Lc  lv_roller.o [13]
shadow_blur_corner       0x802'119b      0x13e  Code  Lc  lv_draw_sw_rect.o [6]
show_error               0x801'c607       0x48  Code  Lc  lv_draw_img.o [6]
sin0_90_table            0x803'63e4       0xb8  Data  Lc  lv_math.o [11]
sprintf                  0x803'1cc5       0x40  Code  Gb  sprintf.o [14]
start_cursor_blink       0x802'60b5       0x6e  Code  Lc  lv_textarea.o [13]
strchr                   0x802'721d             Code  Gb  strchr.o [16]
strcmp                   0x801'cac9             Code  Gb  strcmp.o [16]
strcpy                   0x801'cab1             Code  Gb  strcpy.o [16]
style_init::dark_filter
                        0x2001'23f4        0x8  Data  Lc  lv_theme_default.o [7]
style_init::grey_filter
                        0x2001'23fc        0x8  Data  Lc  lv_theme_default.o [7]
style_init::trans_delayed
                        0x2001'2404       0x14  Data  Lc  lv_theme_default.o [7]
style_init::trans_normal
                        0x2001'2418       0x14  Data  Lc  lv_theme_default.o [7]
style_init::trans_props
                         0x803'711c       0x18  Data  Lc  lv_theme_default.o [7]
style_init_reset         0x801'29e9       0x10  Code  Lc  lv_theme_default.o [7]
style_refr              0x2000'b988        0x1  Data  Lc  lv_obj_style.o [5]
styles                  0x2001'253c        0x4  Data  Lc  lv_theme_default.o [7]
sys_time                0x2001'251c        0x4  Data  Lc  lv_hal_tick.o [10]
ta_insert_replace       0x2001'255c        0x4  Data  Lc  lv_textarea.o [13]
tabpos_create           0x2001'2558        0x1  Data  Lc  lv_tabview.o [7]
tabsize_create          0x2001'255a        0x2  Data  Lc  lv_tabview.o [7]
theme                   0x2001'2488       0x24  Data  Lc  lv_theme_default.o [7]
theme_apply              0x801'1ed9      0xa1c  Code  Lc  lv_theme_default.o [7]
tick_irq_flag           0x2001'2518        0x1  Data  Lc  lv_hal_tick.o [10]
tileview_event_cb        0x803'5ffd       0xac  Code  Lc  lv_tileview.o [7]
time_param              0x2001'2530        0x4  Data  Lc  lv_spinner.o [7]
timer_created           0x2001'24c7        0x1  Data  Lc  lv_timer.o [11]
timer_deleted           0x2001'24c6        0x1  Data  Lc  lv_timer.o [11]
tlsf                    0x2000'0000        0x4  Data  Lc  lv_mem.o [11]
tlsf_ffs                 0x801'79b5      0x252  Code  Lc  lv_tlsf.o [11]
tlsf_fls                 0x801'7c07      0x24c  Code  Lc  lv_tlsf.o [11]
trans_anim_cb            0x801'4399      0x138  Code  Lc  lv_obj_style.o [5]
trans_anim_ready_cb      0x801'4515       0xa4  Code  Lc  lv_obj_style.o [5]
trans_anim_start_cb      0x801'44d5       0x40  Code  Lc  lv_obj_style.o [5]
trans_del                0x801'42f1       0xa6  Code  Lc  lv_obj_style.o [5]
unicode_list_1           0x803'6b08       0x7c  Data  Lc  lv_font_montserrat_14.o [8]
unicode_list_1           0x803'6b84       0x7c  Data  Lc  lv_font_montserrat_32.o [8]
unicode_list_compare     0x801'caa9        0x8  Code  Lc  lv_font_fmt_txt.o [8]
uwTick                  0x2000'b958        0x4  Data  Gb  stm32f4xx_hal.o [4]
uwTickFreq              0x2000'b954        0x1  Data  Gb  stm32f4xx_hal.o [4]
uwTickPrio              0x2000'b95c        0x4  Data  Gb  stm32f4xx_hal.o [4]
value_changed_event_cb   0x803'5ef1       0x34  Code  Lc  lv_calendar_header_arrow.o [7]
value_changed_event_cb   0x803'61c9       0x40  Code  Lc  lv_calendar_header_dropdown.o [7]
value_update             0x802'b673       0xa4  Code  Lc  lv_arc.o [13]
year_event_cb            0x803'6191       0x2c  Code  Lc  lv_calendar_header_dropdown.o [7]
zero_mem                0x2000'0004        0x4  Data  Lc  lv_mem.o [11]


[1] = C:\Users\heuch\Desktop\ARM\STM32\Study\LTDC - LVGL\EWARM\LTDC\Obj\CMSIS_6603591812247902717.dir
[2] = C:\Users\heuch\Desktop\ARM\STM32\Study\LTDC - LVGL\EWARM\LTDC\Obj\Core_13247989168731456611.dir
[3] = C:\Users\heuch\Desktop\ARM\STM32\Study\LTDC - LVGL\EWARM\LTDC\Obj\EWARM_18443280873093131863.dir
[4] = C:\Users\heuch\Desktop\ARM\STM32\Study\LTDC - LVGL\EWARM\LTDC\Obj\STM32F4xx_HAL_Driver_1244631019742807970.dir
[5] = C:\Users\heuch\Desktop\ARM\STM32\Study\LTDC - LVGL\EWARM\LTDC\Obj\core_12370908267808153421.dir
[6] = C:\Users\heuch\Desktop\ARM\STM32\Study\LTDC - LVGL\EWARM\LTDC\Obj\draw_10542837691197429852.dir
[7] = C:\Users\heuch\Desktop\ARM\STM32\Study\LTDC - LVGL\EWARM\LTDC\Obj\extra_16734186234889456325.dir
[8] = C:\Users\heuch\Desktop\ARM\STM32\Study\LTDC - LVGL\EWARM\LTDC\Obj\font_15165346281545810489.dir
[9] = C:\Users\heuch\Desktop\ARM\STM32\Study\LTDC - LVGL\EWARM\LTDC\Obj\gpu_2374637852588095281.dir
[10] = C:\Users\heuch\Desktop\ARM\STM32\Study\LTDC - LVGL\EWARM\LTDC\Obj\hal_7470399288984429285.dir
[11] = C:\Users\heuch\Desktop\ARM\STM32\Study\LTDC - LVGL\EWARM\LTDC\Obj\misc_2649020512424640869.dir
[12] = C:\Users\heuch\Desktop\ARM\STM32\Study\LTDC - LVGL\EWARM\LTDC\Obj\porting_10553306724186100541.dir
[13] = C:\Users\heuch\Desktop\ARM\STM32\Study\LTDC - LVGL\EWARM\LTDC\Obj\widgets_14443196474108422803.dir
[14] = dl7M_tlf.a
[15] = m7M_tls.a
[16] = rt7M_tl.a
[17] = shb_l.a

  163'790 bytes of readonly  code memory
   63'208 bytes of readonly  data memory
   83'304 bytes of readwrite data memory (+ 2'048'000 absolute)

Errors: none
Warnings: none
